Component: ARM Compiler 5.06 update 7 (build 960) Tool: armlink [4d3601]

==============================================================================

Section Cross References

    startup_stm32l432xx.o(STACK) refers (Special) to heapauxi.o(.text) for __use_two_region_memory
    startup_stm32l432xx.o(HEAP) refers (Special) to heapauxi.o(.text) for __use_two_region_memory
    startup_stm32l432xx.o(RESET) refers (Special) to heapauxi.o(.text) for __use_two_region_memory
    startup_stm32l432xx.o(RESET) refers to startup_stm32l432xx.o(STACK) for __initial_sp
    startup_stm32l432xx.o(RESET) refers to startup_stm32l432xx.o(.text) for Reset_Handler
    startup_stm32l432xx.o(RESET) refers to stm32l4xx_it.o(i.NMI_Handler) for NMI_Handler
    startup_stm32l432xx.o(RESET) refers to stm32l4xx_it.o(i.HardFault_Handler) for HardFault_Handler
    startup_stm32l432xx.o(RESET) refers to stm32l4xx_it.o(i.MemManage_Handler) for MemManage_Handler
    startup_stm32l432xx.o(RESET) refers to stm32l4xx_it.o(i.BusFault_Handler) for BusFault_Handler
    startup_stm32l432xx.o(RESET) refers to stm32l4xx_it.o(i.UsageFault_Handler) for UsageFault_Handler
    startup_stm32l432xx.o(RESET) refers to port.o(.emb_text) for SVC_Handler
    startup_stm32l432xx.o(RESET) refers to stm32l4xx_it.o(i.DebugMon_Handler) for DebugMon_Handler
    startup_stm32l432xx.o(RESET) refers to cmsis_os2.o(i.SysTick_Handler) for SysTick_Handler
    startup_stm32l432xx.o(RESET) refers to stm32l4xx_it.o(i.DMA1_Channel1_IRQHandler) for DMA1_Channel1_IRQHandler
    startup_stm32l432xx.o(RESET) refers to stm32l4xx_it.o(i.DMA1_Channel4_IRQHandler) for DMA1_Channel4_IRQHandler
    startup_stm32l432xx.o(RESET) refers to stm32l4xx_it.o(i.DMA1_Channel5_IRQHandler) for DMA1_Channel5_IRQHandler
    startup_stm32l432xx.o(RESET) refers to stm32l4xx_it.o(i.DMA1_Channel6_IRQHandler) for DMA1_Channel6_IRQHandler
    startup_stm32l432xx.o(RESET) refers to stm32l4xx_it.o(i.DMA1_Channel7_IRQHandler) for DMA1_Channel7_IRQHandler
    startup_stm32l432xx.o(RESET) refers to stm32l4xx_it.o(i.TIM6_DAC_IRQHandler) for TIM6_DAC_IRQHandler
    startup_stm32l432xx.o(.text) refers (Special) to heapauxi.o(.text) for __use_two_region_memory
    startup_stm32l432xx.o(.text) refers to system_stm32l4xx.o(i.SystemInit) for SystemInit
    startup_stm32l432xx.o(.text) refers to __main.o(!!!main) for __main
    startup_stm32l432xx.o(.text) refers to startup_stm32l432xx.o(HEAP) for Heap_Mem
    startup_stm32l432xx.o(.text) refers to startup_stm32l432xx.o(STACK) for Stack_Mem
    main.o(i.DecreaseRate) refers to _printf_percent.o(.ARM.Collect$$_printf_percent$$00000000) for _printf_percent
    main.o(i.DecreaseRate) refers to _printf_f.o(.ARM.Collect$$_printf_percent$$00000003) for _printf_f
    main.o(i.DecreaseRate) refers to printf1.o(x$fpl$printf1) for _printf_fp_dec
    main.o(i.DecreaseRate) refers to f2d.o(x$fpl$f2d) for __aeabi_f2d
    main.o(i.DecreaseRate) refers to daddsub_clz.o(x$fpl$dadd) for __aeabi_dadd
    main.o(i.DecreaseRate) refers to d2f.o(x$fpl$d2f) for __aeabi_d2f
    main.o(i.DecreaseRate) refers to __2snprintf.o(.text) for __2snprintf
    main.o(i.DecreaseRate) refers to strlen.o(.text) for strlen
    main.o(i.DecreaseRate) refers to main.o(i.stop) for stop
    main.o(i.DecreaseRate) refers to cmsis_os2.o(i.osDelay) for osDelay
    main.o(i.DecreaseRate) refers to main.o(i.clear) for clear
    main.o(i.DecreaseRate) refers to main.o(i.digits) for digits
    main.o(i.DecreaseRate) refers to main.o(i.start) for start
    main.o(i.DecreaseRate) refers to main.o(.data) for .data
    main.o(i.HAL_ADC_ConvCpltCallback) refers to dflt_clz.o(x$fpl$dflt) for __aeabi_i2d
    main.o(i.HAL_ADC_ConvCpltCallback) refers to dmul.o(x$fpl$dmul) for __aeabi_dmul
    main.o(i.HAL_ADC_ConvCpltCallback) refers to daddsub_clz.o(x$fpl$dsub) for __aeabi_dsub
    main.o(i.HAL_ADC_ConvCpltCallback) refers to dfixu.o(x$fpl$dfixu) for __aeabi_d2uiz
    main.o(i.HAL_ADC_ConvCpltCallback) refers to f2d.o(x$fpl$f2d) for __aeabi_f2d
    main.o(i.HAL_ADC_ConvCpltCallback) refers to dflt_clz.o(x$fpl$dfltu) for __aeabi_ui2d
    main.o(i.HAL_ADC_ConvCpltCallback) refers to daddsub_clz.o(x$fpl$dadd) for __aeabi_dadd
    main.o(i.HAL_ADC_ConvCpltCallback) refers to d2f.o(x$fpl$d2f) for __aeabi_d2f
    main.o(i.HAL_ADC_ConvCpltCallback) refers to main.o(i.NEXTION_SendVal) for NEXTION_SendVal
    main.o(i.HAL_ADC_ConvCpltCallback) refers to stm32l4xx_hal.o(i.HAL_GetTick) for HAL_GetTick
    main.o(i.HAL_ADC_ConvCpltCallback) refers to main.o(.data) for .data
    main.o(i.HAL_ADC_ConvCpltCallback) refers to main.o(.bss) for .bss
    main.o(i.HAL_TIM_PeriodElapsedCallback) refers to stm32l4xx_hal.o(i.HAL_IncTick) for HAL_IncTick
    main.o(i.HAL_UART_RxCpltCallback) refers to main.o(.data) for .data
    main.o(i.IncreaseRate) refers to _printf_percent.o(.ARM.Collect$$_printf_percent$$00000000) for _printf_percent
[...]
    __scatterload_rt2_thumb_only             0x08000195   Thumb Code     0  __scatter.o(!!!scatter)
    __scatterload_null                       0x080001a3   Thumb Code     0  __scatter.o(!!!scatter)
    __decompress                             0x080001c9   Thumb Code    90  __dczerorl2.o(!!dczerorl2)
    __decompress1                            0x080001c9   Thumb Code     0  __dczerorl2.o(!!dczerorl2)
    __scatterload_zeroinit                   0x08000225   Thumb Code    28  __scatter_zi.o(!!handler_zi)
    _printf_f                                0x08000241   Thumb Code     0  _printf_f.o(.ARM.Collect$$_printf_percent$$00000003)
    _printf_percent                          0x08000241   Thumb Code     0  _printf_percent.o(.ARM.Collect$$_printf_percent$$00000000)
    _printf_d                                0x08000247   Thumb Code     0  _printf_d.o(.ARM.Collect$$_printf_percent$$00000009)
    _printf_s                                0x0800024d   Thumb Code     0  _printf_s.o(.ARM.Collect$$_printf_percent$$00000014)
    _printf_percent_end                      0x08000253   Thumb Code     0  _printf_percent_end.o(.ARM.Collect$$_printf_percent$$00000017)
    __rt_lib_init                            0x08000257   Thumb Code     0  libinit.o(.ARM.Collect$$libinit$$00000000)
    __rt_lib_init_fp_1                       0x08000259   Thumb Code     0  libinit2.o(.ARM.Collect$$libinit$$00000001)
    __rt_lib_init_heap_1                     0x0800025d   Thumb Code     0  libinit2.o(.ARM.Collect$$libinit$$0000000A)
    __rt_lib_init_lc_common                  0x0800025d   Thumb Code     0  libinit2.o(.ARM.Collect$$libinit$$0000000F)
    __rt_lib_init_preinit_1                  0x0800025d   Thumb Code     0  libinit2.o(.ARM.Collect$$libinit$$00000004)
    __rt_lib_init_rand_1                     0x0800025d   Thumb Code     0  libinit2.o(.ARM.Collect$$libinit$$0000000E)
    __rt_lib_init_user_alloc_1               0x0800025d   Thumb Code     0  libinit2.o(.ARM.Collect$$libinit$$0000000C)
    __rt_lib_init_lc_collate_1               0x08000263   Thumb Code     0  libinit2.o(.ARM.Collect$$libinit$$00000011)
    __rt_lib_init_lc_ctype_1                 0x08000263   Thumb Code     0  libinit2.o(.ARM.Collect$$libinit$$00000013)
    __rt_lib_init_lc_monetary_1              0x08000263   Thumb Code     0  libinit2.o(.ARM.Collect$$libinit$$00000015)
    __rt_lib_init_lc_numeric_2               0x08000263   Thumb Code     0  libinit2.o(.ARM.Collect$$libinit$$00000016)
    __rt_lib_init_alloca_1                   0x0800026d   Thumb Code     0  libinit2.o(.ARM.Collect$$libinit$$0000002E)
    __rt_lib_init_argv_1                     0x0800026d   Thumb Code     0  libinit2.o(.ARM.Collect$$libinit$$0000002C)
    __rt_lib_init_atexit_1                   0x0800026d   Thumb Code     0  libinit2.o(.ARM.Collect$$libinit$$0000001B)
    __rt_lib_init_clock_1                    0x0800026d   Thumb Code     0  libinit2.o(.ARM.Collect$$libinit$$00000021)
    __rt_lib_init_cpp_1                      0x0800026d   Thumb Code     0  libinit2.o(.ARM.Collect$$libinit$$00000032)
    __rt_lib_init_exceptions_1               0x0800026d   Thumb Code     0  libinit2.o(.ARM.Collect$$libinit$$00000030)
    __rt_lib_init_fp_trap_1                  0x0800026d   Thumb Code     0  libinit2.o(.ARM.Collect$$libinit$$0000001F)
    __rt_lib_init_getenv_1                   0x0800026d   Thumb Code     0  libinit2.o(.ARM.Collect$$libinit$$00000023)
    __rt_lib_init_lc_numeric_1               0x0800026d   Thumb Code     0  libinit2.o(.ARM.Collect$$libinit$$00000017)
    __rt_lib_init_lc_time_1                  0x0800026d   Thumb Code     0  libinit2.o(.ARM.Collect$$libinit$$00000019)
    __rt_lib_init_return                     0x0800026d   Thumb Code     0  libinit2.o(.ARM.Collect$$libinit$$00000033)
    __rt_lib_init_signal_1                   0x0800026d   Thumb Code     0  libinit2.o(.ARM.Collect$$libinit$$0000001D)
    __rt_lib_init_stdio_1                    0x0800026d   Thumb Code     0  libinit2.o(.ARM.Collect$$libinit$$00000025)
    __rt_lib_shutdown                        0x0800026f   Thumb Code     0  libshutdown.o(.ARM.Collect$$libshutdown$$00000000)
    __rt_lib_shutdown_cpp_1                  0x08000271   Thumb Code     0  libshutdown2.o(.ARM.Collect$$libshutdown$$00000004)
    __rt_lib_shutdown_fini_1                 0x08000271   Thumb Code     0  libshutdown2.o(.ARM.Collect$$libshutdown$$00000002)
    __rt_lib_shutdown_fp_trap_1              0x08000271   Thumb Code     0  libshutdown2.o(.ARM.Collect$$libshutdown$$00000009)
    __rt_lib_shutdown_heap_1                 0x08000271   Thumb Code     0  libshutdown2.o(.ARM.Collect$$libshutdown$$00000011)
    __rt_lib_shutdown_return                 0x08000271   Thumb Code     0  libshutdown2.o(.ARM.Collect$$libshutdown$$00000012)
    __rt_lib_shutdown_signal_1               0x08000271   Thumb Code     0  libshutdown2.o(.ARM.Collect$$libshutdown$$0000000C)
    __rt_lib_shutdown_stdio_1                0x08000271   Thumb Code     0  libshutdown2.o(.ARM.Collect$$libshutdown$$00000006)
    __rt_lib_shutdown_user_alloc_1           0x08000271   Thumb Code     0  libshutdown2.o(.ARM.Collect$$libshutdown$$0000000E)
    __rt_entry                               0x08000273   Thumb Code     0  __rtentry.o(.ARM.Collect$$rtentry$$00000000)
    __rt_entry_presh_1                       0x08000273   Thumb Code     0  __rtentry2.o(.ARM.Collect$$rtentry$$00000002)
    __rt_entry_sh                            0x08000273   Thumb Code     0  __rtentry4.o(.ARM.Collect$$rtentry$$00000004)
    __rt_entry_li                            0x08000279   Thumb Code     0  __rtentry2.o(.ARM.Collect$$rtentry$$0000000A)
    __rt_entry_postsh_1                      0x08000279   Thumb Code     0  __rtentry2.o(.ARM.Collect$$rtentry$$00000009)
    __rt_entry_main                          0x0800027d   Thumb Code     0  __rtentry2.o(.ARM.Collect$$rtentry$$0000000D)
    __rt_entry_postli_1                      0x0800027d   Thumb Code     0  __rtentry2.o(.ARM.Collect$$rtentry$$0000000C)
    __rt_exit                                0x08000285   Thumb Code     0  rtexit.o(.ARM.Collect$$rtexit$$00000000)
    __rt_exit_ls                             0x08000287   Thumb Code     0  rtexit2.o(.ARM.Collect$$rtexit$$00000003)
    __rt_exit_prels_1                        0x08000287   Thumb Code     0  rtexit2.o(.ARM.Collect$$rtexit$$00000002)
    __rt_exit_exit                           0x0800028b   Thumb Code     0  rtexit2.o(.ARM.Collect$$rtexit$$00000004)
    SVC_Handler                              0x08000291   Thumb Code    28  port.o(.emb_text)
    __asm___6_port_c_39a90d8d__prvStartFirstTask 0x080002b1   Thumb Code    36  port.o(.emb_text)
    __asm___6_port_c_39a90d8d__prvEnableVFP  0x080002d9   Thumb Code    16  port.o(.emb_text)
    PendSV_Handler                           0x080002ed   Thumb Code    88  port.o(.emb_text)
    vPortGetIPSR                             0x08000349   Thumb Code     6  port.o(.emb_text)
    Reset_Handler                            0x08000371   Thumb Code     8  startup_stm32l432xx.o(.text)
    ADC1_IRQHandler                          0x0800038b   Thumb Code     0  startup_stm32l432xx.o(.text)
    CAN1_RX0_IRQHandler                      0x0800038b   Thumb Code     0  startup_stm32l432xx.o(.text)
    CAN1_RX1_IRQHandler                      0x0800038b   Thumb Code     0  startup_stm32l432xx.o(.text)
    CAN1_SCE_IRQHandler                      0x0800038b   Thumb Code     0  startup_stm32l432xx.o(.text)
    CAN1_TX_IRQHandler                       0x0800038b   Thumb Code     0  startup_stm32l432xx.o(.text)
    COMP_IRQHandler                          0x0800038b   Thumb Code     0  startup_stm32l432xx.o(.text)
    CRS_IRQHandler                           0x0800038b   Thumb Code     0  startup_stm32l432xx.o(.text)
    DMA1_Channel2_IRQHandler                 0x0800038b   Thumb Code     0  startup_stm32l432xx.o(.text)
    DMA1_Channel3_IRQHandler                 0x0800038b   Thumb Code     0  startup_stm32l432xx.o(.text)
    DMA2_Channel1_IRQHandler                 0x0800038b   Thumb Code     0  startup_stm32l432xx.o(.text)
    DMA2_Channel2_IRQHandler                 0x0800038b   Thumb Code     0  startup_stm32l432xx.o(.text)
    DMA2_Channel3_IRQHandler                 0x0800038b   Thumb Code     0  startup_stm32l432xx.o(.text)
    DMA2_Channel4_IRQHandler                 0x0800038b   Thumb Code     0  startup_stm32l432xx.o(.text)
    DMA2_Channel5_IRQHandler                 0x0800038b   Thumb Code     0  startup_stm32l432xx.o(.text)
    DMA2_Channel6_IRQHandler                 0x0800038b   Thumb Code     0  startup_stm32l432xx.o(.text)
    DMA2_Channel7_IRQHandler                 0x0800038b   Thumb Code     0  startup_stm32l432xx.o(.text)
    EXTI0_IRQHandler                         0x0800038b   Thumb Code     0  startup_stm32l432xx.o(.text)
    EXTI15_10_IRQHandler                     0x0800038b   Thumb Code     0  startup_stm32l432xx.o(.text)
    EXTI1_IRQHandler                         0x0800038b   Thumb Code     0  startup_stm32l432xx.o(.text)
    EXTI2_IRQHandler                         0x0800038b   Thumb Code     0  startup_stm32l432xx.o(.text)
    EXTI3_IRQHandler                         0x0800038b   Thumb Code     0  startup_stm32l432xx.o(.text)
    EXTI4_IRQHandler                         0x0800038b   Thumb Code     0  startup_stm32l432xx.o(.text)
    EXTI9_5_IRQHandler                       0x0800038b   Thumb Code     0  startup_stm32l432xx.o(.text)
    FLASH_IRQHandler                         0x0800038b   Thumb Code     0  startup_stm32l432xx.o(.text)
    FPU_IRQHandler                           0x0800038b   Thumb Code     0  startup_stm32l432xx.o(.text)
    I2C1_ER_IRQHandler                       0x0800038b   Thumb Code     0  startup_stm32l432xx.o(.text)
    I2C1_EV_IRQHandler                       0x0800038b   Thumb Code     0  startup_stm32l432xx.o(.text)
    I2C3_ER_IRQHandler                       0x0800038b   Thumb Code     0  startup_stm32l432xx.o(.text)
    I2C3_EV_IRQHandler                       0x0800038b   Thumb Code     0  startup_stm32l432xx.o(.text)
    LPTIM1_IRQHandler                        0x0800038b   Thumb Code     0  startup_stm32l432xx.o(.text)
    LPTIM2_IRQHandler                        0x0800038b   Thumb Code     0  startup_stm32l432xx.o(.text)
    LPUART1_IRQHandler                       0x0800038b   Thumb Code     0  startup_stm32l432xx.o(.text)
    PVD_PVM_IRQHandler                       0x0800038b   Thumb Code     0  startup_stm32l432xx.o(.text)
    QUADSPI_IRQHandler                       0x0800038b   Thumb Code     0  startup_stm32l432xx.o(.text)
    RCC_IRQHandler                           0x0800038b   Thumb Code     0  startup_stm32l432xx.o(.text)
    RNG_IRQHandler                           0x0800038b   Thumb Code     0  startup_stm32l432xx.o(.text)
    RTC_Alarm_IRQHandler                     0x0800038b   Thumb Code     0  startup_stm32l432xx.o(.text)
    RTC_WKUP_IRQHandler                      0x0800038b   Thumb Code     0  startup_stm32l432xx.o(.text)
    SAI1_IRQHandler                          0x0800038b   Thumb Code     0  startup_stm32l432xx.o(.text)
    SPI1_IRQHandler                          0x0800038b   Thumb Code     0  startup_stm32l432xx.o(.text)
    SPI3_IRQHandler                          0x0800038b   Thumb Code     0  startup_stm32l432xx.o(.text)
    SWPMI1_IRQHandler                        0x0800038b   Thumb Code     0  startup_stm32l432xx.o(.text)
    TAMP_STAMP_IRQHandler                    0x0800038b   Thumb Code     0  startup_stm32l432xx.o(.text)
    TIM1_BRK_TIM15_IRQHandler                0x0800038b   Thumb Code     0  startup_stm32l432xx.o(.text)
    TIM1_CC_IRQHandler                       0x0800038b   Thumb Code     0  startup_stm32l432xx.o(.text)
    TIM1_TRG_COM_IRQHandler                  0x0800038b   Thumb Code     0  startup_stm32l432xx.o(.text)
    TIM1_UP_TIM16_IRQHandler                 0x0800038b   Thumb Code     0  startup_stm32l432xx.o(.text)
    TIM2_IRQHandler                          0x0800038b   Thumb Code     0  startup_stm32l432xx.o(.text)
    TIM7_IRQHandler                          0x0800038b   Thumb Code     0  startup_stm32l432xx.o(.text)
    TSC_IRQHandler                           0x0800038b   Thumb Code     0  startup_stm32l432xx.o(.text)
    USART1_IRQHandler                        0x0800038b   Thumb Code     0  startup_stm32l432xx.o(.text)
    USART2_IRQHandler                        0x0800038b   Thumb Code     0  startup_stm32l432xx.o(.text)
    USB_IRQHandler                           0x0800038b   Thumb Code     0  startup_stm32l432xx.o(.text)
    WWDG_IRQHandler                          0x0800038b   Thumb Code     0  startup_stm32l432xx.o(.text)
    __user_initial_stackheap                 0x0800038d   Thumb Code     0  startup_stm32l432xx.o(.text)
    __aeabi_uldivmod                         0x080003b1   Thumb Code     0  lludivv7m.o(.text)
    _ll_udiv                                 0x080003b1   Thumb Code   238  lludivv7m.o(.text)
    __2sprintf                               0x080004a1   Thumb Code    38  __2sprintf.o(.text)
    __2snprintf                              0x080004cd   Thumb Code    50  __2snprintf.o(.text)
    _printf_str                              0x08000505   Thumb Code    82  _printf_str.o(.text)
    _printf_int_dec                          0x08000559   Thumb Code   104  _printf_dec.o(.text)
    __printf                                 0x080005d1   Thumb Code   270  __printf_wp.o(.text)
    strlen                                   0x080006df   Thumb Code    62  strlen.o(.text)
    __aeabi_memcpy                           0x0800071d   Thumb Code     0  rt_memcpy_v6.o(.text)
    __rt_memcpy                              0x0800071d   Thumb Code   138  rt_memcpy_v6.o(.text)
    _memcpy_lastbytes                        0x08000783   Thumb Code     0  rt_memcpy_v6.o(.text)
    __aeabi_memset                           0x080007a7   Thumb Code    16  aeabi_memset.o(.text)
    __aeabi_memclr4                          0x080007b7   Thumb Code     0  rt_memclr_w.o(.text)
    __aeabi_memclr8                          0x080007b7   Thumb Code     0  rt_memclr_w.o(.text)
    __rt_memclr_w                            0x080007b7   Thumb Code    78  rt_memclr_w.o(.text)
    _memset_w                                0x080007bb   Thumb Code     0  rt_memclr_w.o(.text)
    __use_two_region_memory                  0x08000805   Thumb Code     2  heapauxi.o(.text)
    __rt_heap_escrow$2region                 0x08000807   Thumb Code     2  heapauxi.o(.text)
    __rt_heap_expand$2region                 0x08000809   Thumb Code     2  heapauxi.o(.text)
    _printf_int_common                       0x0800080b   Thumb Code   178  _printf_intcommon.o(.text)
    __lib_sel_fp_printf                      0x080008bd   Thumb Code     2  _printf_fp_dec.o(.text)
    _printf_fp_dec_real                      0x08000a6f   Thumb Code   620  _printf_fp_dec.o(.text)
    _printf_char_common                      0x08000ceb   Thumb Code    32  _printf_char_common.o(.text)
    _sputc                                   0x08000d11   Thumb Code    10  _sputc.o(.text)
    _snputc                                  0x08000d1b   Thumb Code    16  _snputc.o(.text)
    _printf_cs_common                        0x08000d2b   Thumb Code    20  _printf_char.o(.text)
    _printf_char                             0x08000d3f   Thumb Code    16  _printf_char.o(.text)
    _printf_string                           0x08000d4f   Thumb Code     8  _printf_char.o(.text)
    __aeabi_memcpy4                          0x08000d57   Thumb Code     0  rt_memcpy_w.o(.text)
    __aeabi_memcpy8                          0x08000d57   Thumb Code     0  rt_memcpy_w.o(.text)
    __rt_memcpy_w                            0x08000d57   Thumb Code   100  rt_memcpy_w.o(.text)
    _memcpy_lastbytes_aligned                0x08000d9f   Thumb Code     0  rt_memcpy_w.o(.text)
    __aeabi_memclr                           0x08000dbb   Thumb Code     0  rt_memclr.o(.text)
    __rt_memclr                              0x08000dbb   Thumb Code    68  rt_memclr.o(.text)
    _memset                                  0x08000dbf   Thumb Code     0  rt_memclr.o(.text)
    __rt_locale                              0x08000e01   Thumb Code     8  rt_locale_intlibspace.o(.text)
    _ll_udiv10                               0x08000e09   Thumb Code   138  lludiv10.o(.text)
    _printf_fp_infnan                        0x08000e95   Thumb Code   112  _printf_fp_infnan.o(.text)
    _btod_etento                             0x08000f15   Thumb Code   224  bigflt0.o(.text)
    __user_libspace                          0x08000ff9   Thumb Code     8  libspace.o(.text)
    __user_perproc_libspace                  0x08000ff9   Thumb Code     0  libspace.o(.text)
    __user_perthread_libspace                0x08000ff9   Thumb Code     0  libspace.o(.text)
    __user_setup_stackheap                   0x08001001   Thumb Code    74  sys_stackheap_outer.o(.text)
    exit                                     0x0800104b   Thumb Code    18  exit.o(.text)
    strcmp                                   0x0800105d   Thumb Code   128  strcmpv7m.o(.text)
    _sys_exit                                0x080010dd   Thumb Code     8  sys_exit.o(.text)
    __I$use$semihosting                      0x080010e9   Thumb Code     0  use_no_semi.o(.text)
    __use_no_semihosting_swi                 0x080010e9   Thumb Code     2  use_no_semi.o(.text)
    __semihosting_library_function           0x080010eb   Thumb Code     0  indicate_semi.o(.text)
    _btod_d2e                                0x080010eb   Thumb Code    62  btod.o(CL$$btod_d2e)
    _d2e_denorm_low                          0x08001129   Thumb Code    70  btod.o(CL$$btod_d2e_denorm_low)
    _d2e_norm_op1                            0x0800116f   Thumb Code    96  btod.o(CL$$btod_d2e_norm_op1)
    __btod_div_common                        0x080011cf   Thumb Code   696  btod.o(CL$$btod_div_common)
    _e2e                                     0x08001507   Thumb Code   220  btod.o(CL$$btod_e2e)
    _btod_ediv                               0x080015e3   Thumb Code    42  btod.o(CL$$btod_ediv)
    _btod_emul                               0x0800160d   Thumb Code    42  btod.o(CL$$btod_emul)
    __btod_mult_common                       0x08001637   Thumb Code   580  btod.o(CL$$btod_mult_common)
    ADC_ConversionStop                       0x0800187d   Thumb Code   220  stm32l4xx_hal_adc.o(i.ADC_ConversionStop)
    ADC_DMAConvCplt                          0x08001961   Thumb Code   104  stm32l4xx_hal_adc.o(i.ADC_DMAConvCplt)
    ADC_DMAError                             0x080019c9   Thumb Code    26  stm32l4xx_hal_adc.o(i.ADC_DMAError)
    ADC_DMAHalfConvCplt                      0x080019e3   Thumb Code    10  stm32l4xx_hal_adc.o(i.ADC_DMAHalfConvCplt)
    ADC_Disable                              0x080019ed   Thumb Code   106  stm32l4xx_hal_adc.o(i.ADC_Disable)
    ADC_Enable                               0x08001a5d   Thumb Code   154  stm32l4xx_hal_adc.o(i.ADC_Enable)
    BusFault_Handler                         0x08001b09   Thumb Code     2  stm32l4xx_it.o(i.BusFault_Handler)
    DMA1_Channel1_IRQHandler                 0x08001b0d   Thumb Code     6  stm32l4xx_it.o(i.DMA1_Channel1_IRQHandler)
    DMA1_Channel4_IRQHandler                 0x08001b19   Thumb Code     6  stm32l4xx_it.o(i.DMA1_Channel4_IRQHandler)
    DMA1_Channel5_IRQHandler                 0x08001b25   Thumb Code     6  stm32l4xx_it.o(i.DMA1_Channel5_IRQHandler)
    DMA1_Channel6_IRQHandler                 0x08001b31   Thumb Code     6  stm32l4xx_it.o(i.DMA1_Channel6_IRQHandler)
    DMA1_Channel7_IRQHandler                 0x08001b3d   Thumb Code     6  stm32l4xx_it.o(i.DMA1_Channel7_IRQHandler)
    DebugMon_Handler                         0x08001b77   Thumb Code     2  stm32l4xx_it.o(i.DebugMon_Handler)
    DecreaseRate                             0x08001b79   Thumb Code   118  main.o(i.DecreaseRate)
    Error_Handler                            0x08001c01   Thumb Code     4  main.o(i.Error_Handler)
    HAL_ADC_ConfigChannel                    0x08001c05   Thumb Code   956  stm32l4xx_hal_adc.o(i.HAL_ADC_ConfigChannel)
    HAL_ADC_ConvCpltCallback                 0x08001ff5   Thumb Code   634  main.o(i.HAL_ADC_ConvCpltCallback)
    HAL_ADC_ConvHalfCpltCallback             0x080022bd   Thumb Code     2  stm32l4xx_hal_adc.o(i.HAL_ADC_ConvHalfCpltCallback)
    HAL_ADC_ErrorCallback                    0x080022bf   Thumb Code     2  stm32l4xx_hal_adc.o(i.HAL_ADC_ErrorCallback)
    HAL_ADC_Init                             0x080022c1   Thumb Code   390  stm32l4xx_hal_adc.o(i.HAL_ADC_Init)
    HAL_ADC_MspInit                          0x08002469   Thumb Code   160  stm32l4xx_hal_msp.o(i.HAL_ADC_MspInit)
    HAL_ADC_Start_DMA                        0x08002519   Thumb Code   162  stm32l4xx_hal_adc.o(i.HAL_ADC_Start_DMA)
    HAL_ADC_Stop_DMA                         0x080025cd   Thumb Code   122  stm32l4xx_hal_adc.o(i.HAL_ADC_Stop_DMA)
    HAL_DMA_Abort                            0x08002647   Thumb Code    74  stm32l4xx_hal_dma.o(i.HAL_DMA_Abort)
    HAL_DMA_GetError                         0x08002691   Thumb Code     4  stm32l4xx_hal_dma.o(i.HAL_DMA_GetError)
    HAL_DMA_IRQHandler                       0x08002695   Thumb Code   186  stm32l4xx_hal_dma.o(i.HAL_DMA_IRQHandler)
    HAL_DMA_Init                             0x08002751   Thumb Code   178  stm32l4xx_hal_dma.o(i.HAL_DMA_Init)
    HAL_DMA_Start_IT                         0x08002811   Thumb Code   112  stm32l4xx_hal_dma.o(i.HAL_DMA_Start_IT)
    HAL_Delay                                0x08002881   Thumb Code    32  stm32l4xx_hal.o(i.HAL_Delay)
    HAL_GPIO_Init                            0x080028a5   Thumb Code   488  stm32l4xx_hal_gpio.o(i.HAL_GPIO_Init)
    HAL_GPIO_WritePin                        0x08002aa7   Thumb Code    10  stm32l4xx_hal_gpio.o(i.HAL_GPIO_WritePin)
    HAL_GetTick                              0x08002ab1   Thumb Code     6  stm32l4xx_hal.o(i.HAL_GetTick)
    HAL_IncTick                              0x08002abd   Thumb Code    12  stm32l4xx_hal.o(i.HAL_IncTick)
    HAL_Init                                 0x08002acd   Thumb Code    30  stm32l4xx_hal.o(i.HAL_Init)
    HAL_InitTick                             0x08002aed   Thumb Code   132  stm32l4xx_hal_timebase_tim.o(i.HAL_InitTick)
    HAL_MspInit                              0x08002b85   Thumb Code    48  stm32l4xx_hal_msp.o(i.HAL_MspInit)
    HAL_NVIC_EnableIRQ                       0x08002bb9   Thumb Code    26  stm32l4xx_hal_cortex.o(i.HAL_NVIC_EnableIRQ)
    HAL_NVIC_SetPriority                     0x08002bd5   Thumb Code    60  stm32l4xx_hal_cortex.o(i.HAL_NVIC_SetPriority)
    HAL_NVIC_SetPriorityGrouping             0x08002c15   Thumb Code    26  stm32l4xx_hal_cortex.o(i.HAL_NVIC_SetPriorityGrouping)
    HAL_PWREx_ControlVoltageScaling          0x08002c39   Thumb Code    90  stm32l4xx_hal_pwr_ex.o(i.HAL_PWREx_ControlVoltageScaling)
    HAL_PWREx_GetVoltageRange                0x08002ca1   Thumb Code    10  stm32l4xx_hal_pwr_ex.o(i.HAL_PWREx_GetVoltageRange)
    HAL_RCCEx_PeriphCLKConfig                0x08002cb1   Thumb Code   634  stm32l4xx_hal_rcc_ex.o(i.HAL_RCCEx_PeriphCLKConfig)
    HAL_RCC_ClockConfig                      0x08002f3d   Thumb Code   304  stm32l4xx_hal_rcc.o(i.HAL_RCC_ClockConfig)
    HAL_RCC_GetClockConfig                   0x08003081   Thumb Code    54  stm32l4xx_hal_rcc.o(i.HAL_RCC_GetClockConfig)
    HAL_RCC_GetPCLK1Freq                     0x080030c1   Thumb Code    24  stm32l4xx_hal_rcc.o(i.HAL_RCC_GetPCLK1Freq)
    HAL_RCC_GetPCLK2Freq                     0x080030e5   Thumb Code    24  stm32l4xx_hal_rcc.o(i.HAL_RCC_GetPCLK2Freq)
    HAL_RCC_GetSysClockFreq                  0x08003109   Thumb Code   150  stm32l4xx_hal_rcc.o(i.HAL_RCC_GetSysClockFreq)
    HAL_RCC_OscConfig                        0x080031ad   Thumb Code  1366  stm32l4xx_hal_rcc.o(i.HAL_RCC_OscConfig)
    HAL_TIMEx_Break2Callback                 0x0800370d   Thumb Code     2  stm32l4xx_hal_tim_ex.o(i.HAL_TIMEx_Break2Callback)
    HAL_TIMEx_BreakCallback                  0x0800370f   Thumb Code     2  stm32l4xx_hal_tim_ex.o(i.HAL_TIMEx_BreakCallback)
    HAL_TIMEx_CommutCallback                 0x08003711   Thumb Code     2  stm32l4xx_hal_tim_ex.o(i.HAL_TIMEx_CommutCallback)
    HAL_TIM_Base_Init                        0x08003713   Thumb Code    98  stm32l4xx_hal_tim.o(i.HAL_TIM_Base_Init)
    HAL_TIM_Base_MspInit                     0x08003775   Thumb Code     2  stm32l4xx_hal_tim.o(i.HAL_TIM_Base_MspInit)
    HAL_TIM_Base_Start_IT                    0x08003779   Thumb Code    76  stm32l4xx_hal_tim.o(i.HAL_TIM_Base_Start_IT)
    HAL_TIM_IC_CaptureCallback               0x080037d1   Thumb Code     2  stm32l4xx_hal_tim.o(i.HAL_TIM_IC_CaptureCallback)
    HAL_TIM_IRQHandler                       0x080037d3   Thumb Code   326  stm32l4xx_hal_tim.o(i.HAL_TIM_IRQHandler)
    HAL_TIM_OC_DelayElapsedCallback          0x08003919   Thumb Code     2  stm32l4xx_hal_tim.o(i.HAL_TIM_OC_DelayElapsedCallback)
    HAL_TIM_PWM_PulseFinishedCallback        0x0800391b   Thumb Code     2  stm32l4xx_hal_tim.o(i.HAL_TIM_PWM_PulseFinishedCallback)
    HAL_TIM_PeriodElapsedCallback            0x0800391d   Thumb Code    14  main.o(i.HAL_TIM_PeriodElapsedCallback)
    HAL_TIM_TriggerCallback                  0x08003931   Thumb Code     2  stm32l4xx_hal_tim.o(i.HAL_TIM_TriggerCallback)
    HAL_UARTEx_RxEventCallback               0x08003933   Thumb Code     2  stm32l4xx_hal_uart.o(i.HAL_UARTEx_RxEventCallback)
    HAL_UART_DMAStop                         0x08003935   Thumb Code   142  stm32l4xx_hal_uart.o(i.HAL_UART_DMAStop)
    HAL_UART_ErrorCallback                   0x080039c3   Thumb Code     2  stm32l4xx_hal_uart.o(i.HAL_UART_ErrorCallback)
    HAL_UART_Init                            0x080039c5   Thumb Code   102  stm32l4xx_hal_uart.o(i.HAL_UART_Init)
    HAL_UART_MspInit                         0x08003a2d   Thumb Code   384  stm32l4xx_hal_msp.o(i.HAL_UART_MspInit)
    HAL_UART_Receive_DMA                     0x08003bd5   Thumb Code    66  stm32l4xx_hal_uart.o(i.HAL_UART_Receive_DMA)
    HAL_UART_RxCpltCallback                  0x08003c1d   Thumb Code    24  main.o(i.HAL_UART_RxCpltCallback)
    HAL_UART_RxHalfCpltCallback              0x08003c3d   Thumb Code     2  stm32l4xx_hal_uart.o(i.HAL_UART_RxHalfCpltCallback)
    HAL_UART_Transmit                        0x08003c3f   Thumb Code   164  stm32l4xx_hal_uart.o(i.HAL_UART_Transmit)
    HardFault_Handler                        0x08003ce3   Thumb Code     2  stm32l4xx_it.o(i.HardFault_Handler)
    IncreaseRate                             0x08003ce5   Thumb Code   118  main.o(i.IncreaseRate)
    MemManage_Handler                        0x08004041   Thumb Code     2  stm32l4xx_it.o(i.MemManage_Handler)
    NEXTION_ChangeScreen                     0x08004045   Thumb Code    18  main.o(i.NEXTION_ChangeScreen)
    NEXTION_SendVal                          0x08004061   Thumb Code    20  main.o(i.NEXTION_SendVal)
    NMI_Handler                              0x08004081   Thumb Code     2  stm32l4xx_it.o(i.NMI_Handler)
    StartDefaultTask                         0x0800422d   Thumb Code  1892  main.o(i.StartDefaultTask)
    SysTick_Handler                          0x08004a1d   Thumb Code    26  cmsis_os2.o(i.SysTick_Handler)
    SystemClock_Config                       0x08004a37   Thumb Code   106  main.o(i.SystemClock_Config)
    SystemInit                               0x08004aa1   Thumb Code    12  system_stm32l4xx.o(i.SystemInit)
    TIM6_DAC_IRQHandler                      0x08004ab1   Thumb Code     6  stm32l4xx_it.o(i.TIM6_DAC_IRQHandler)
    TIM_Base_SetConfig                       0x08004abd   Thumb Code    94  stm32l4xx_hal_tim.o(i.TIM_Base_SetConfig)
    UART_AdvFeatureConfig                    0x08004b29   Thumb Code   200  stm32l4xx_hal_uart.o(i.UART_AdvFeatureConfig)
    UART_CheckIdleState                      0x08004bf1   Thumb Code   168  stm32l4xx_hal_uart.o(i.UART_CheckIdleState)
    UART_SetConfig                           0x08004df1   Thumb Code   448  stm32l4xx_hal_uart.o(i.UART_SetConfig)
    UART_Start_Receive_DMA                   0x08004fcd   Thumb Code   146  stm32l4xx_hal_uart.o(i.UART_Start_Receive_DMA)
    UART_WaitOnFlagUntilTimeout              0x0800506d   Thumb Code   140  stm32l4xx_hal_uart.o(i.UART_WaitOnFlagUntilTimeout)
    UsageFault_Handler                       0x080050f9   Thumb Code     2  stm32l4xx_it.o(i.UsageFault_Handler)
    __ARM_fpclassify                         0x080050fb   Thumb Code    48  fpclassify.o(i.__ARM_fpclassify)
    _is_digit                                0x0800514b   Thumb Code    14  __printf_wp.o(i._is_digit)
    air                                      0x08005159   Thumb Code    30  main.o(i.air)
    alarms                                   0x08005181   Thumb Code   196  main.o(i.alarms)
    algo                                     0x0800524d   Thumb Code    68  main.o(i.algo)
    clear                                    0x0800529d   Thumb Code    12  main.o(i.clear)
    decrease_variable                        0x080052b1   Thumb Code     6  main.o(i.decrease_variable)
    findDia                                  0x080052f9   Thumb Code   150  main.o(i.findDia)
    findSys                                  0x08005399   Thumb Code    68  main.o(i.findSys)
    increase_variable                        0x080053e1   Thumb Code     6  main.o(i.increase_variable)
    main                                     0x080053e9   Thumb Code   106  main.o(i.main)
    max                                      0x0800546d   Thumb Code    80  main.o(i.max)
    osDelay                                  0x080054c1   Thumb Code    26  cmsis_os2.o(i.osDelay)
    osKernelInitialize                       0x080054dd   Thumb Code    32  cmsis_os2.o(i.osKernelInitialize)
    osKernelStart                            0x08005501   Thumb Code    48  cmsis_os2.o(i.osKernelStart)
    osThreadNew                              0x08005539   Thumb Code   138  cmsis_os2.o(i.osThreadNew)
    pvPortMalloc                             0x08005d5d   Thumb Code   216  heap_4.o(i.pvPortMalloc)
    pxPortInitialiseStack                    0x08005e39   Thumb Code    40  port.o(i.pxPortInitialiseStack)
    sens                                     0x08005e65   Thumb Code   152  main.o(i.sens)
    stop                                     0x08005f41   Thumb Code    30  main.o(i.stop)
    uxListRemove                             0x08005f69   Thumb Code    38  list.o(i.uxListRemove)
    vApplicationGetIdleTaskMemory            0x08005f91   Thumb Code    16  cmsis_os2.o(i.vApplicationGetIdleTaskMemory)
    vApplicationGetTimerTaskMemory           0x08005fa5   Thumb Code    18  cmsis_os2.o(i.vApplicationGetTimerTaskMemory)
    vListInitialise                          0x08005fbd   Thumb Code    22  list.o(i.vListInitialise)
    vListInitialiseItem                      0x08005fd3   Thumb Code     6  list.o(i.vListInitialiseItem)
    vListInsert                              0x08005fd9   Thumb Code    48  list.o(i.vListInsert)
    vListInsertEnd                           0x08006009   Thumb Code    24  list.o(i.vListInsertEnd)
    vPortEnterCritical                       0x08006021   Thumb Code    54  port.o(i.vPortEnterCritical)
    vPortExitCritical                        0x08006061   Thumb Code    34  port.o(i.vPortExitCritical)
    vPortFree                                0x08006089   Thumb Code    94  heap_4.o(i.vPortFree)
    vPortSetupTimerInterrupt                 0x080060ed   Thumb Code    32  port.o(i.vPortSetupTimerInterrupt)
    vPortValidateInterruptPriority           0x08006111   Thumb Code    74  port.o(i.vPortValidateInterruptPriority)
    vQueueAddToRegistry                      0x08006165   Thumb Code    34  queue.o(i.vQueueAddToRegistry)
    vQueueWaitForMessageRestricted           0x0800618d   Thumb Code    68  queue.o(i.vQueueWaitForMessageRestricted)
    vTaskDelay                               0x080061d1   Thumb Code    66  tasks.o(i.vTaskDelay)
    vTaskInternalSetTimeOutState             0x0800621d   Thumb Code    12  tasks.o(i.vTaskInternalSetTimeOutState)
    vTaskMissedYield                         0x0800622d   Thumb Code     8  tasks.o(i.vTaskMissedYield)
    vTaskPlaceOnEventList                    0x08006239   Thumb Code    44  tasks.o(i.vTaskPlaceOnEventList)
    vTaskPlaceOnEventListRestricted          0x08006269   Thumb Code    52  tasks.o(i.vTaskPlaceOnEventListRestricted)
    vTaskStartScheduler                      0x080062a1   Thumb Code   118  tasks.o(i.vTaskStartScheduler)
    vTaskSuspendAll                          0x08006329   Thumb Code    10  tasks.o(i.vTaskSuspendAll)
    vTaskSwitchContext                       0x08006339   Thumb Code    90  tasks.o(i.vTaskSwitchContext)
    xPortStartScheduler                      0x0800639d   Thumb Code   222  port.o(i.xPortStartScheduler)
    xPortSysTickHandler                      0x08006491   Thumb Code    38  port.o(i.xPortSysTickHandler)
    xQueueGenericCreateStatic                0x080064bd   Thumb Code   102  queue.o(i.xQueueGenericCreateStatic)
    xQueueGenericReset                       0x08006525   Thumb Code   132  queue.o(i.xQueueGenericReset)
    xQueueGenericSend                        0x080065ad   Thumb Code   346  queue.o(i.xQueueGenericSend)
    xQueueGenericSendFromISR                 0x0800670d   Thumb Code   190  queue.o(i.xQueueGenericSendFromISR)
    xQueueReceive                            0x080067cd   Thumb Code   308  queue.o(i.xQueueReceive)
    xTaskCheckForTimeOut                     0x08006905   Thumb Code   112  tasks.o(i.xTaskCheckForTimeOut)
    xTaskCreate                              0x08006979   Thumb Code    90  tasks.o(i.xTaskCreate)
    xTaskCreateStatic                        0x080069d9   Thumb Code    86  tasks.o(i.xTaskCreateStatic)
    xTaskGetSchedulerState                   0x08006a31   Thumb Code    22  tasks.o(i.xTaskGetSchedulerState)
    xTaskGetTickCount                        0x08006a4d   Thumb Code     6  tasks.o(i.xTaskGetTickCount)
    xTaskIncrementTick                       0x08006a59   Thumb Code   192  tasks.o(i.xTaskIncrementTick)
    xTaskPriorityDisinherit                  0x08006b21   Thumb Code   118  tasks.o(i.xTaskPriorityDisinherit)
    xTaskRemoveFromEventList                 0x08006ba1   Thumb Code    98  tasks.o(i.xTaskRemoveFromEventList)
    xTaskResumeAll                           0x08006c11   Thumb Code   182  tasks.o(i.xTaskResumeAll)
    xTimerCreateTimerTask                    0x08006cd5   Thumb Code    78  timers.o(i.xTimerCreateTimerTask)
    xTimerGenericCommand                     0x08006d35   Thumb Code    98  timers.o(i.xTimerGenericCommand)
    _get_lc_numeric                          0x08006d9d   Thumb Code    44  lc_numeric_c.o(locale$$code)
    __aeabi_d2f                              0x08006dc9   Thumb Code     0  d2f.o(x$fpl$d2f)
    _d2f                                     0x08006dc9   Thumb Code    98  d2f.o(x$fpl$d2f)
    __aeabi_dadd                             0x08006e2d   Thumb Code     0  daddsub_clz.o(x$fpl$dadd)
    _dadd                                    0x08006e2d   Thumb Code   332  daddsub_clz.o(x$fpl$dadd)
    __aeabi_d2uiz                            0x08006f7d   Thumb Code     0  dfixu.o(x$fpl$dfixu)
    _dfixu                                   0x08006f7d   Thumb Code    90  dfixu.o(x$fpl$dfixu)
    __aeabi_i2d                              0x08006fd7   Thumb Code     0  dflt_clz.o(x$fpl$dflt)
    _dflt                                    0x08006fd7   Thumb Code    46  dflt_clz.o(x$fpl$dflt)
    __aeabi_ui2d                             0x08007005   Thumb Code     0  dflt_clz.o(x$fpl$dfltu)
    _dfltu                                   0x08007005   Thumb Code    38  dflt_clz.o(x$fpl$dfltu)
    __aeabi_dmul                             0x0800702d   Thumb Code     0  dmul.o(x$fpl$dmul)
    _dmul                                    0x0800702d   Thumb Code   332  dmul.o(x$fpl$dmul)
    __fpl_dnaninf                            0x08007181   Thumb Code   156  dnaninf.o(x$fpl$dnaninf)
    __fpl_dretinf                            0x0800721d   Thumb Code    12  dretinf.o(x$fpl$dretinf)
    __aeabi_dsub                             0x08007229   Thumb Code     0  daddsub_clz.o(x$fpl$dsub)
    _dsub                                    0x08007229   Thumb Code   464  daddsub_clz.o(x$fpl$dsub)
    __aeabi_f2d                              0x080073fd   Thumb Code     0  f2d.o(x$fpl$f2d)
    _f2d                                     0x080073fd   Thumb Code    86  f2d.o(x$fpl$f2d)
    __fpl_fnaninf                            0x08007453   Thumb Code   140  fnaninf.o(x$fpl$fnaninf)
    _fp_init                                 0x080074df   Thumb Code    10  fpinit.o(x$fpl$fpinit)
    __fplib_config_fpu_vfp                   0x080074e7   Thumb Code     0  fpinit.o(x$fpl$fpinit)
    __fplib_config_pureend_doubles           0x080074e7   Thumb Code     0  fpinit.o(x$fpl$fpinit)
    __fpl_fretinf                            0x080074e9   Thumb Code    10  fretinf.o(x$fpl$fretinf)
    _printf_fp_dec                           0x080074f3   Thumb Code     4  printf1.o(x$fpl$printf1)
    __I$use$fp                               0x080074f6   Number         0  usenofp.o(x$fpl$usenofp)
    defaultTask_attributes                   0x080074f8   Data          36  main.o(.constdata)
    Error_attributes                         0x0800751c   Data          36  main.o(.constdata)
    AHBPrescTable                            0x08007540   Data          16  system_stm32l4xx.o(.constdata)
    MSIRangeTable                            0x08007550   Data          48  system_stm32l4xx.o(.constdata)
    APBPrescTable                            0x08007580   Data           8  system_stm32l4xx.o(.constdata)
    Region$$Table$$Base                      0x08007630   Number         0  anon$$obj.o(Region$$Table)
    Region$$Table$$Limit                     0x08007650   Number         0  anon$$obj.o(Region$$Table)
    iperror                                  0x20000000   Data           1  main.o(.data)
    yn1                                      0x20000004   Data           4  main.o(.data)
    deflation                                0x20000008   Data           4  main.o(.data)
    map_ind                                  0x2000000c   Data           4  main.o(.data)
    f4_avg                                   0x20000010   Data           4  main.o(.data)
    peak                                     0x20000014   Data           4  main.o(.data)
    map                                      0x20000018   Data           4  main.o(.data)
    sys_amp                                  0x2000001c   Data           4  main.o(.data)
    dia                                      0x20000020   Data           4  main.o(.data)
    mapflag                                  0x20000024   Data           4  main.o(.data)
    pulse_rate                               0x20000028   Data           4  main.o(.data)
    error                                    0x2000002c   Data           4  main.o(.data)
    p_ind                                    0x20000030   Data           4  main.o(.data)
    temp                                     0x20000034   Data           4  main.o(.data)
    graph                                    0x20000038   Data           4  main.o(.data)
    p_check                                  0x2000003c   Data           4  main.o(.data)
    esnd                                     0x20000040   Data           4  main.o(.data)
    infusion                                 0x20000044   Data           4  main.o(.data)
    pre_inf                                  0x20000048   Data           4  main.o(.data)
    inf                                      0x2000004c   Data           4  main.o(.data)
    bpdiff                                   0x20000050   Data           4  main.o(.data)
    prevsys                                  0x20000054   Data           4  main.o(.data)
    sensitivity                              0x20000058   Data           4  main.o(.data)
    sensitivityavg                           0x2000005c   Data           4  main.o(.data)
    i                                        0x20000060   Data           4  main.o(.data)
    dose                                     0x20000064   Data           4  main.o(.data)
    prevdose                                 0x20000068   Data           4  main.o(.data)
    dosediff                                 0x2000006c   Data           4  main.o(.data)
    count                                    0x20000070   Data           4  main.o(.data)
    length                                   0x20000074   Data           4  main.o(.data)
    p                                        0x20000078   Data           4  main.o(.data)
    j                                        0x2000007c   Data           4  main.o(.data)
    buffer                                   0x20000080   Data           4  main.o(.data)
    errorbuffer                              0x20000084   Data           4  main.o(.data)
    rf                                       0x20000088   Data           4  main.o(.data)
    volbuff                                  0x2000008c   Data           4  main.o(.data)
    ab                                       0x20000090   Data           4  main.o(.data)
    cd                                       0x20000094   Data           4  main.o(.data)
    volume                                   0x20000098   Data           4  main.o(.data)
    q                                        0x2000009c   Data           4  main.o(.data)
    defaultTaskHandle                        0x200000a0   Data           4  main.o(.data)
    ErrorHandle                              0x200000a4   Data           4  main.o(.data)
    pressure                                 0x200000a8   Data           4  main.o(.data)
    yn                                       0x200000ac   Data           4  main.o(.data)
    ind                                      0x200000b0   Data           4  main.o(.data)
    f1_avg                                   0x200000b4   Data           4  main.o(.data)
    f2_avg                                   0x200000b8   Data           4  main.o(.data)
    f3_avg                                   0x200000bc   Data           4  main.o(.data)
    rt1                                      0x200000c0   Data           4  main.o(.data)
    rt2                                      0x200000c4   Data           4  main.o(.data)
    map_amp                                  0x200000c8   Data           4  main.o(.data)
    dia_amp                                  0x200000cc   Data           4  main.o(.data)
    sys_ind                                  0x200000d0   Data           4  main.o(.data)
    dia_ind                                  0x200000d4   Data           4  main.o(.data)
    sys                                      0x200000d8   Data           4  main.o(.data)
    t                                        0x200000dc   Data           4  main.o(.data)
    condition                                0x200000e0   Data           4  main.o(.data)
    flowrateval                              0x200000e4   Data           4  main.o(.data)
    buff                                     0x200000e8   Data           4  main.o(.data)
    doseArray                                0x200000ec   Data           5  main.o(.data)
    rxbuff1                                  0x200000f1   Data           5  main.o(.data)
    avg_pressure                             0x200000f8   Data           8  main.o(.data)
    stepsize                                 0x20000100   Data           8  main.o(.data)
    volumebuff                               0x20000108   Data           8  main.o(.data)
    digitbuff                                0x20000110   Data          14  main.o(.data)
    clearbuff                                0x2000011e   Data          14  main.o(.data)
    uwTickFreq                               0x2000012c   Data           1  stm32l4xx_hal.o(.data)
    uwTickPrio                               0x20000130   Data           4  stm32l4xx_hal.o(.data)
    uwTick                                   0x20000134   Data           4  stm32l4xx_hal.o(.data)
    SystemCoreClock                          0x20000138   Data           4  system_stm32l4xx.o(.data)
    pxCurrentTCB                             0x2000013c   Data           4  tasks.o(.data)
    y                                        0x200001bc   Data        4000  main.o(.bss)
    peaks                                    0x2000115c   Data        4000  main.o(.bss)
    peaks_diff                               0x200020fc   Data        4000  main.o(.bss)
    pulse_time                               0x2000309c   Data         200  main.o(.bss)
    hadc1                                    0x20003164   Data         100  main.o(.bss)
    huart1                                   0x200031c8   Data         136  main.o(.bss)
    huart2                                   0x20003250   Data         136  main.o(.bss)
    adc_buf                                  0x200032d8   Data        2000  main.o(.bss)
    adc_buf_fsr                              0x20003aa8   Data        2000  main.o(.bss)
    rxbuf                                    0x20004278   Data           9  main.o(.bss)
    bpArray                                  0x20004284   Data          80  main.o(.bss)
    doses                                    0x200042d4   Data          80  main.o(.bss)
    sensitivityArray                         0x20004324   Data          80  main.o(.bss)
    sensitivityavgArray                      0x20004374   Data          80  main.o(.bss)
    pressureArray                            0x200043c4   Data        4000  main.o(.bss)
    hdma_adc1                                0x20005364   Data          72  main.o(.bss)
    hdma_usart1_rx                           0x200053ac   Data          72  main.o(.bss)
    hdma_usart1_tx                           0x200053f4   Data          72  main.o(.bss)
    hdma_usart2_tx                           0x2000543c   Data          72  main.o(.bss)
    hdma_usart2_rx                           0x20005484   Data          72  main.o(.bss)
    htim6                                    0x200054cc   Data          76  stm32l4xx_hal_timebase_tim.o(.bss)
    xQueueRegistry                           0x20005518   Data          64  queue.o(.bss)
    __libspace_start                         0x20006da4   Data          96  libspace.o(.bss)
    __temporary_stack_top$libspace           0x20006e04   Data           0  libspace.o(.bss)



==============================================================================

Memory Map of the image

  Image Entry point : 0x0800018d

  Load Region LR_IROM1 (Base: 0x08000000, Size: 0x00007828, Max: 0x00040000, ABSOLUTE, COMPRESSED[0x0000769c])

    Execution Region ER_IROM1 (Exec base: 0x08000000, Load base: 0x08000000, Size: 0x0000766c, Max: 0x00040000, ABSOLUTE)

    Exec Addr    Load Addr    Size         Type   Attr      Idx    E Section Name        Object

    0x08000000   0x08000000   0x0000018c   Data   RO            3    RESET               startup_stm32l432xx.o
    0x0800018c   0x0800018c   0x00000008   Code   RO         5806  * !!!main             c_w.l(__main.o)
    0x08000194   0x08000194   0x00000034   Code   RO         6072    !!!scatter          c_w.l(__scatter.o)
    0x080001c8   0x080001c8   0x0000005a   Code   RO         6070    !!dczerorl2         c_w.l(__dczerorl2.o)
    0x08000222   0x08000222   0x00000002   PAD
    0x08000224   0x08000224   0x0000001c   Code   RO         6074    !!handler_zi        c_w.l(__scatter_zi.o)
    0x08000240   0x08000240   0x00000000   Code   RO         5793    .ARM.Collect$$_printf_percent$$00000000  c_w.l(_printf_percent.o)
    0x08000240   0x08000240   0x00000006   Code   RO         5792    .ARM.Collect$$_printf_percent$$00000003  c_w.l(_printf_f.o)
    0x08000246   0x08000246   0x00000006   Code   RO         5791    .ARM.Collect$$_printf_percent$$00000009  c_w.l(_printf_d.o)
    0x0800024c   0x0800024c   0x00000006   Code   RO         5790    .ARM.Collect$$_printf_percent$$00000014  c_w.l(_printf_s.o)
    0x08000252   0x08000252   0x00000004   Code   RO         5849    .ARM.Collect$$_printf_percent$$00000017  c_w.l(_printf_percent_end.o)
    0x08000256   0x08000256   0x00000002   Code   RO         5941    .ARM.Collect$$libinit$$00000000  c_w.l(libinit.o)
    0x08000258   0x08000258   0x00000004   Code   RO         5942    .ARM.Collect$$libinit$$00000001  c_w.l(libinit2.o)
    0x0800025c   0x0800025c   0x00000000   Code   RO         5945    .ARM.Collect$$libinit$$00000004  c_w.l(libinit2.o)
    0x0800025c   0x0800025c   0x00000000   Code   RO         5948    .ARM.Collect$$libinit$$0000000A  c_w.l(libinit2.o)
    0x0800025c   0x0800025c   0x00000000   Code   RO         5950    .ARM.Collect$$libinit$$0000000C  c_w.l(libinit2.o)
    0x0800025c   0x0800025c   0x00000000   Code   RO         5952    .ARM.Collect$$libinit$$0000000E  c_w.l(libinit2.o)
    0x0800025c   0x0800025c   0x00000006   Code   RO         5953    .ARM.Collect$$libinit$$0000000F  c_w.l(libinit2.o)
    0x08000262   0x08000262   0x00000000   Code   RO         5955    .ARM.Collect$$libinit$$00000011  c_w.l(libinit2.o)
    0x08000262   0x08000262   0x00000000   Code   RO         5957    .ARM.Collect$$libinit$$00000013  c_w.l(libinit2.o)
    0x08000262   0x08000262   0x00000000   Code   RO         5959    .ARM.Collect$$libinit$$00000015  c_w.l(libinit2.o)
    0x08000262   0x08000262   0x0000000a   Code   RO         5960    .ARM.Collect$$libinit$$00000016  c_w.l(libinit2.o)
    0x0800026c   0x0800026c   0x00000000   Code   RO         5961    .ARM.Collect$$libinit$$00000017  c_w.l(libinit2.o)
    0x0800026c   0x0800026c   0x00000000   Code   RO         5963    .ARM.Collect$$libinit$$00000019  c_w.l(libinit2.o)
    0x0800026c   0x0800026c   0x00000000   Code   RO         5965    .ARM.Collect$$libinit$$0000001B  c_w.l(libinit2.o)
    0x0800026c   0x0800026c   0x00000000   Code   RO         5967    .ARM.Collect$$libinit$$0000001D  c_w.l(libinit2.o)
    0x0800026c   0x0800026c   0x00000000   Code   RO         5969    .ARM.Collect$$libinit$$0000001F  c_w.l(libinit2.o)
    0x0800026c   0x0800026c   0x00000000   Code   RO         5971    .ARM.Collect$$libinit$$00000021  c_w.l(libinit2.o)
    0x0800026c   0x0800026c   0x00000000   Code   RO         5973    .ARM.Collect$$libinit$$00000023  c_w.l(libinit2.o)
    0x0800026c   0x0800026c   0x00000000   Code   RO         5975    .ARM.Collect$$libinit$$00000025  c_w.l(libinit2.o)
    0x0800026c   0x0800026c   0x00000000   Code   RO         5979    .ARM.Collect$$libinit$$0000002C  c_w.l(libinit2.o)
    0x0800026c   0x0800026c   0x00000000   Code   RO         5981    .ARM.Collect$$libinit$$0000002E  c_w.l(libinit2.o)
    0x0800026c   0x0800026c   0x00000000   Code   RO         5983    .ARM.Collect$$libinit$$00000030  c_w.l(libinit2.o)
    0x0800026c   0x0800026c   0x00000000   Code   RO         5985    .ARM.Collect$$libinit$$00000032  c_w.l(libinit2.o)
    0x0800026c   0x0800026c   0x00000002   Code   RO         5986    .ARM.Collect$$libinit$$00000033  c_w.l(libinit2.o)
    0x0800026e   0x0800026e   0x00000002   Code   RO         6033    .ARM.Collect$$libshutdown$$00000000  c_w.l(libshutdown.o)
    0x08000270   0x08000270   0x00000000   Code   RO         6051    .ARM.Collect$$libshutdown$$00000002  c_w.l(libshutdown2.o)
    0x08000270   0x08000270   0x00000000   Code   RO         6053    .ARM.Collect$$libshutdown$$00000004  c_w.l(libshutdown2.o)
    0x08000270   0x08000270   0x00000000   Code   RO         6055    .ARM.Collect$$libshutdown$$00000006  c_w.l(libshutdown2.o)
    0x08000270   0x08000270   0x00000000   Code   RO         6058    .ARM.Collect$$libshutdown$$00000009  c_w.l(libshutdown2.o)
    0x08000270   0x08000270   0x00000000   Code   RO         6061    .ARM.Collect$$libshutdown$$0000000C  c_w.l(libshutdown2.o)
    0x08000270   0x08000270   0x00000000   Code   RO         6063    .ARM.Collect$$libshutdown$$0000000E  c_w.l(libshutdown2.o)
    0x08000270   0x08000270   0x00000000   Code   RO         6066    .ARM.Collect$$libshutdown$$00000011  c_w.l(libshutdown2.o)
    0x08000270   0x08000270   0x00000002   Code   RO         6067    .ARM.Collect$$libshutdown$$00000012  c_w.l(libshutdown2.o)
    0x08000272   0x08000272   0x00000000   Code   RO         5832    .ARM.Collect$$rtentry$$00000000  c_w.l(__rtentry.o)
    0x08000272   0x08000272   0x00000000   Code   RO         5864    .ARM.Collect$$rtentry$$00000002  c_w.l(__rtentry2.o)
    0x08000272   0x08000272   0x00000006   Code   RO         5876    .ARM.Collect$$rtentry$$00000004  c_w.l(__rtentry4.o)
    0x08000278   0x08000278   0x00000000   Code   RO         5866    .ARM.Collect$$rtentry$$00000009  c_w.l(__rtentry2.o)
    0x08000278   0x08000278   0x00000004   Code   RO         5867    .ARM.Collect$$rtentry$$0000000A  c_w.l(__rtentry2.o)
    0x0800027c   0x0800027c   0x00000000   Code   RO         5869    .ARM.Collect$$rtentry$$0000000C  c_w.l(__rtentry2.o)
    0x0800027c   0x0800027c   0x00000008   Code   RO         5870    .ARM.Collect$$rtentry$$0000000D  c_w.l(__rtentry2.o)
    0x08000284   0x08000284   0x00000002   Code   RO         5987    .ARM.Collect$$rtexit$$00000000  c_w.l(rtexit.o)
    0x08000286   0x08000286   0x00000000   Code   RO         6002    .ARM.Collect$$rtexit$$00000002  c_w.l(rtexit2.o)
    0x08000286   0x08000286   0x00000004   Code   RO         6003    .ARM.Collect$$rtexit$$00000003  c_w.l(rtexit2.o)
    0x0800028a   0x0800028a   0x00000006   Code   RO         6004    .ARM.Collect$$rtexit$$00000004  c_w.l(rtexit2.o)
    0x08000290   0x08000290   0x000000de   Code   RO         5675    .emb_text           port.o
    0x0800036e   0x0800036e   0x00000002   PAD
    0x08000370   0x08000370   0x00000040   Code   RO            4    .text               startup_stm32l432xx.o
    0x080003b0   0x080003b0   0x000000ee   Code   RO         5754    .text               c_w.l(lludivv7m.o)
    0x0800049e   0x0800049e   0x00000002   PAD
    0x080004a0   0x080004a0   0x0000002c   Code   RO         5756    .text               c_w.l(__2sprintf.o)
    0x080004cc   0x080004cc   0x00000038   Code   RO         5758    .text               c_w.l(__2snprintf.o)
    0x08000504   0x08000504   0x00000052   Code   RO         5766    .text               c_w.l(_printf_str.o)
    0x08000556   0x08000556   0x00000002   PAD
    0x08000558   0x08000558   0x00000078   Code   RO         5768    .text               c_w.l(_printf_dec.o)
    0x080005d0   0x080005d0   0x0000010e   Code   RO         5778    .text               c_w.l(__printf_wp.o)
    0x080006de   0x080006de   0x0000003e   Code   RO         5794    .text               c_w.l(strlen.o)
    0x0800071c   0x0800071c   0x0000008a   Code   RO         5796    .text               c_w.l(rt_memcpy_v6.o)
    0x080007a6   0x080007a6   0x00000010   Code   RO         5800    .text               c_w.l(aeabi_memset.o)
    0x080007b6   0x080007b6   0x0000004e   Code   RO         5802    .text               c_w.l(rt_memclr_w.o)
    0x08000804   0x08000804   0x00000006   Code   RO         5804    .text               c_w.l(heapauxi.o)
    0x0800080a   0x0800080a   0x000000b2   Code   RO         5837    .text               c_w.l(_printf_intcommon.o)
    0x080008bc   0x080008bc   0x00000424   Code   RO         5839    .text               c_w.l(_printf_fp_dec.o)
    0x08000ce0   0x08000ce0   0x00000030   Code   RO         5841    .text               c_w.l(_printf_char_common.o)
    0x08000d10   0x08000d10   0x0000000a   Code   RO         5843    .text               c_w.l(_sputc.o)
    0x08000d1a   0x08000d1a   0x00000010   Code   RO         5845    .text               c_w.l(_snputc.o)
    0x08000d2a   0x08000d2a   0x0000002c   Code   RO         5847    .text               c_w.l(_printf_char.o)
    0x08000d56   0x08000d56   0x00000064   Code   RO         5850    .text               c_w.l(rt_memcpy_w.o)
    0x08000dba   0x08000dba   0x00000044   Code   RO         5852    .text               c_w.l(rt_memclr.o)
    0x08000dfe   0x08000dfe   0x00000002   PAD
    0x08000e00   0x08000e00   0x00000008   Code   RO         5883    .text               c_w.l(rt_locale_intlibspace.o)
    0x08000e08   0x08000e08   0x0000008a   Code   RO         5885    .text               c_w.l(lludiv10.o)
    0x08000e92   0x08000e92   0x00000002   PAD
    0x08000e94   0x08000e94   0x00000080   Code   RO         5887    .text               c_w.l(_printf_fp_infnan.o)
    0x08000f14   0x08000f14   0x000000e4   Code   RO         5891    .text               c_w.l(bigflt0.o)
    0x08000ff8   0x08000ff8   0x00000008   Code   RO         5923    .text               c_w.l(libspace.o)
    0x08001000   0x08001000   0x0000004a   Code   RO         5926    .text               c_w.l(sys_stackheap_outer.o)
    0x0800104a   0x0800104a   0x00000012   Code   RO         5928    .text               c_w.l(exit.o)
    0x0800105c   0x0800105c   0x00000080   Code   RO         5934    .text               c_w.l(strcmpv7m.o)
    0x080010dc   0x080010dc   0x0000000c   Code   RO         5999    .text               c_w.l(sys_exit.o)
    0x080010e8   0x080010e8   0x00000002   Code   RO         6020    .text               c_w.l(use_no_semi.o)
    0x080010ea   0x080010ea   0x00000000   Code   RO         6022    .text               c_w.l(indicate_semi.o)
    0x080010ea   0x080010ea   0x0000003e   Code   RO         5894    CL$$btod_d2e        c_w.l(btod.o)
    0x08001128   0x08001128   0x00000046   Code   RO         5896    CL$$btod_d2e_denorm_low  c_w.l(btod.o)
    0x0800116e   0x0800116e   0x00000060   Code   RO         5895    CL$$btod_d2e_norm_op1  c_w.l(btod.o)
    0x080011ce   0x080011ce   0x00000338   Code   RO         5904    CL$$btod_div_common  c_w.l(btod.o)
    0x08001506   0x08001506   0x000000dc   Code   RO         5901    CL$$btod_e2e        c_w.l(btod.o)
    0x080015e2   0x080015e2   0x0000002a   Code   RO         5898    CL$$btod_ediv       c_w.l(btod.o)
    0x0800160c   0x0800160c   0x0000002a   Code   RO         5897    CL$$btod_emul       c_w.l(btod.o)
    0x08001636   0x08001636   0x00000244   Code   RO         5903    CL$$btod_mult_common  c_w.l(btod.o)
    0x0800187a   0x0800187a   0x00000002   PAD
    0x0800187c   0x0800187c   0x000000e4   Code   RO          614    i.ADC_ConversionStop  stm32l4xx_hal_adc.o
    0x08001960   0x08001960   0x00000068   Code   RO          615    i.ADC_DMAConvCplt   stm32l4xx_hal_adc.o
    0x080019c8   0x080019c8   0x0000001a   Code   RO          616    i.ADC_DMAError      stm32l4xx_hal_adc.o
    0x080019e2   0x080019e2   0x0000000a   Code   RO          617    i.ADC_DMAHalfConvCplt  stm32l4xx_hal_adc.o
    0x080019ec   0x080019ec   0x00000070   Code   RO          618    i.ADC_Disable       stm32l4xx_hal_adc.o
    0x08001a5c   0x08001a5c   0x000000ac   Code   RO          619    i.ADC_Enable        stm32l4xx_hal_adc.o
    0x08001b08   0x08001b08   0x00000002   Code   RO          432    i.BusFault_Handler  stm32l4xx_it.o
    0x08001b0a   0x08001b0a   0x00000002   PAD
    0x08001b0c   0x08001b0c   0x0000000c   Code   RO          433    i.DMA1_Channel1_IRQHandler  stm32l4xx_it.o
    0x08001b18   0x08001b18   0x0000000c   Code   RO          434    i.DMA1_Channel4_IRQHandler  stm32l4xx_it.o
    0x08001b24   0x08001b24   0x0000000c   Code   RO          435    i.DMA1_Channel5_IRQHandler  stm32l4xx_it.o
    0x08001b30   0x08001b30   0x0000000c   Code   RO          436    i.DMA1_Channel6_IRQHandler  stm32l4xx_it.o
    0x08001b3c   0x08001b3c   0x0000000c   Code   RO          437    i.DMA1_Channel7_IRQHandler  stm32l4xx_it.o
    0x08001b48   0x08001b48   0x0000002e   Code   RO         1820    i.DMA_SetConfig     stm32l4xx_hal_dma.o
    0x08001b76   0x08001b76   0x00000002   Code   RO          438    i.DebugMon_Handler  stm32l4xx_it.o
    0x08001b78   0x08001b78   0x00000088   Code   RO           13    i.DecreaseRate      main.o
    0x08001c00   0x08001c00   0x00000004   Code   RO           14    i.Error_Handler     main.o
    0x08001c04   0x08001c04   0x000003ee   Code   RO          621    i.HAL_ADC_ConfigChannel  stm32l4xx_hal_adc.o
    0x08001ff2   0x08001ff2   0x00000002   PAD
    0x08001ff4   0x08001ff4   0x000002c8   Code   RO           15    i.HAL_ADC_ConvCpltCallback  main.o
    0x080022bc   0x080022bc   0x00000002   Code   RO          623    i.HAL_ADC_ConvHalfCpltCallback  stm32l4xx_hal_adc.o
    0x080022be   0x080022be   0x00000002   Code   RO          625    i.HAL_ADC_ErrorCallback  stm32l4xx_hal_adc.o
    0x080022c0   0x080022c0   0x000001a8   Code   RO          630    i.HAL_ADC_Init      stm32l4xx_hal_adc.o
    0x08002468   0x08002468   0x000000b0   Code   RO          527    i.HAL_ADC_MspInit   stm32l4xx_hal_msp.o
    0x08002518   0x08002518   0x000000b4   Code   RO          637    i.HAL_ADC_Start_DMA  stm32l4xx_hal_adc.o
    0x080025cc   0x080025cc   0x0000007a   Code   RO          640    i.HAL_ADC_Stop_DMA  stm32l4xx_hal_adc.o
    0x08002646   0x08002646   0x0000004a   Code   RO         1821    i.HAL_DMA_Abort     stm32l4xx_hal_dma.o
    0x08002690   0x08002690   0x00000004   Code   RO         1824    i.HAL_DMA_GetError  stm32l4xx_hal_dma.o
    0x08002694   0x08002694   0x000000ba   Code   RO         1826    i.HAL_DMA_IRQHandler  stm32l4xx_hal_dma.o
    0x0800274e   0x0800274e   0x00000002   PAD
    0x08002750   0x08002750   0x000000c0   Code   RO         1827    i.HAL_DMA_Init      stm32l4xx_hal_dma.o
    0x08002810   0x08002810   0x00000070   Code   RO         1831    i.HAL_DMA_Start_IT  stm32l4xx_hal_dma.o
    0x08002880   0x08002880   0x00000024   Code   RO         1028    i.HAL_Delay         stm32l4xx_hal.o
    0x080028a4   0x080028a4   0x00000202   Code   RO         1721    i.HAL_GPIO_Init     stm32l4xx_hal_gpio.o
    0x08002aa6   0x08002aa6   0x0000000a   Code   RO         1725    i.HAL_GPIO_WritePin  stm32l4xx_hal_gpio.o
    0x08002ab0   0x08002ab0   0x0000000c   Code   RO         1032    i.HAL_GetTick       stm32l4xx_hal.o
    0x08002abc   0x08002abc   0x00000010   Code   RO         1038    i.HAL_IncTick       stm32l4xx_hal.o
    0x08002acc   0x08002acc   0x0000001e   Code   RO         1039    i.HAL_Init          stm32l4xx_hal.o
    0x08002aea   0x08002aea   0x00000002   PAD
    0x08002aec   0x08002aec   0x00000098   Code   RO          575    i.HAL_InitTick      stm32l4xx_hal_timebase_tim.o
    0x08002b84   0x08002b84   0x00000034   Code   RO          528    i.HAL_MspInit       stm32l4xx_hal_msp.o
    0x08002bb8   0x08002bb8   0x0000001a   Code   RO         2274    i.HAL_NVIC_EnableIRQ  stm32l4xx_hal_cortex.o
    0x08002bd2   0x08002bd2   0x00000002   PAD
    0x08002bd4   0x08002bd4   0x00000040   Code   RO         2280    i.HAL_NVIC_SetPriority  stm32l4xx_hal_cortex.o
    0x08002c14   0x08002c14   0x00000024   Code   RO         2281    i.HAL_NVIC_SetPriorityGrouping  stm32l4xx_hal_cortex.o
    0x08002c38   0x08002c38   0x00000068   Code   RO         2048    i.HAL_PWREx_ControlVoltageScaling  stm32l4xx_hal_pwr_ex.o
    0x08002ca0   0x08002ca0   0x00000010   Code   RO         2075    i.HAL_PWREx_GetVoltageRange  stm32l4xx_hal_pwr_ex.o
    0x08002cb0   0x08002cb0   0x0000028a   Code   RO         1354    i.HAL_RCCEx_PeriphCLKConfig  stm32l4xx_hal_rcc_ex.o
    0x08002f3a   0x08002f3a   0x00000002   PAD
    0x08002f3c   0x08002f3c   0x00000144   Code   RO         1226    i.HAL_RCC_ClockConfig  stm32l4xx_hal_rcc.o
    0x08003080   0x08003080   0x00000040   Code   RO         1229    i.HAL_RCC_GetClockConfig  stm32l4xx_hal_rcc.o
    0x080030c0   0x080030c0   0x00000024   Code   RO         1232    i.HAL_RCC_GetPCLK1Freq  stm32l4xx_hal_rcc.o
    0x080030e4   0x080030e4   0x00000024   Code   RO         1233    i.HAL_RCC_GetPCLK2Freq  stm32l4xx_hal_rcc.o
    0x08003108   0x08003108   0x000000a4   Code   RO         1235    i.HAL_RCC_GetSysClockFreq  stm32l4xx_hal_rcc.o
    0x080031ac   0x080031ac   0x00000560   Code   RO         1238    i.HAL_RCC_OscConfig  stm32l4xx_hal_rcc.o
    0x0800370c   0x0800370c   0x00000002   Code   RO         3192    i.HAL_TIMEx_Break2Callback  stm32l4xx_hal_tim_ex.o
    0x0800370e   0x0800370e   0x00000002   Code   RO         3193    i.HAL_TIMEx_BreakCallback  stm32l4xx_hal_tim_ex.o
    0x08003710   0x08003710   0x00000002   Code   RO         3194    i.HAL_TIMEx_CommutCallback  stm32l4xx_hal_tim_ex.o
    0x08003712   0x08003712   0x00000062   Code   RO         2478    i.HAL_TIM_Base_Init  stm32l4xx_hal_tim.o
    0x08003774   0x08003774   0x00000002   Code   RO         2480    i.HAL_TIM_Base_MspInit  stm32l4xx_hal_tim.o
    0x08003776   0x08003776   0x00000002   PAD
    0x08003778   0x08003778   0x00000058   Code   RO         2483    i.HAL_TIM_Base_Start_IT  stm32l4xx_hal_tim.o
    0x080037d0   0x080037d0   0x00000002   Code   RO         2512    i.HAL_TIM_IC_CaptureCallback  stm32l4xx_hal_tim.o
    0x080037d2   0x080037d2   0x00000146   Code   RO         2526    i.HAL_TIM_IRQHandler  stm32l4xx_hal_tim.o
    0x08003918   0x08003918   0x00000002   Code   RO         2529    i.HAL_TIM_OC_DelayElapsedCallback  stm32l4xx_hal_tim.o
    0x0800391a   0x0800391a   0x00000002   Code   RO         2556    i.HAL_TIM_PWM_PulseFinishedCallback  stm32l4xx_hal_tim.o
    0x0800391c   0x0800391c   0x00000014   Code   RO           16    i.HAL_TIM_PeriodElapsedCallback  main.o
    0x08003930   0x08003930   0x00000002   Code   RO         2569    i.HAL_TIM_TriggerCallback  stm32l4xx_hal_tim.o
    0x08003932   0x08003932   0x00000002   Code   RO         3486    i.HAL_UARTEx_RxEventCallback  stm32l4xx_hal_uart.o
    0x08003934   0x08003934   0x0000008e   Code   RO         3498    i.HAL_UART_DMAStop  stm32l4xx_hal_uart.o
    0x080039c2   0x080039c2   0x00000002   Code   RO         3502    i.HAL_UART_ErrorCallback  stm32l4xx_hal_uart.o
    0x080039c4   0x080039c4   0x00000066   Code   RO         3506    i.HAL_UART_Init     stm32l4xx_hal_uart.o
    0x08003a2a   0x08003a2a   0x00000002   PAD
    0x08003a2c   0x08003a2c   0x000001a6   Code   RO          530    i.HAL_UART_MspInit  stm32l4xx_hal_msp.o
    0x08003bd2   0x08003bd2   0x00000002   PAD
    0x08003bd4   0x08003bd4   0x00000048   Code   RO         3510    i.HAL_UART_Receive_DMA  stm32l4xx_hal_uart.o
    0x08003c1c   0x08003c1c   0x00000020   Code   RO           17    i.HAL_UART_RxCpltCallback  main.o
    0x08003c3c   0x08003c3c   0x00000002   Code   RO         3514    i.HAL_UART_RxHalfCpltCallback  stm32l4xx_hal_uart.o
    0x08003c3e   0x08003c3e   0x000000a4   Code   RO         3515    i.HAL_UART_Transmit  stm32l4xx_hal_uart.o
    0x08003ce2   0x08003ce2   0x00000002   Code   RO          439    i.HardFault_Handler  stm32l4xx_it.o
    0x08003ce4   0x08003ce4   0x00000084   Code   RO           18    i.IncreaseRate      main.o
    0x08003d68   0x08003d68   0x0000000c   Code   RO          643    i.LL_ADC_GetOffsetChannel  stm32l4xx_hal_adc.o
    0x08003d74   0x08003d74   0x00000008   Code   RO          644    i.LL_ADC_INJ_IsConversionOngoing  stm32l4xx_hal_adc.o
    0x08003d7c   0x08003d7c   0x00000008   Code   RO          645    i.LL_ADC_REG_IsConversionOngoing  stm32l4xx_hal_adc.o
    0x08003d84   0x08003d84   0x00000010   Code   RO          646    i.LL_ADC_REG_IsTriggerSourceSWStart  stm32l4xx_hal_adc.o
    0x08003d94   0x08003d94   0x0000001e   Code   RO          648    i.LL_ADC_SetChannelSamplingTime  stm32l4xx_hal_adc.o
    0x08003db2   0x08003db2   0x00000010   Code   RO          649    i.LL_ADC_SetOffsetState  stm32l4xx_hal_adc.o
    0x08003dc2   0x08003dc2   0x00000002   PAD
    0x08003dc4   0x08003dc4   0x0000011c   Code   RO           19    i.MX_ADC1_Init      main.o
    0x08003ee0   0x08003ee0   0x0000006c   Code   RO           20    i.MX_DMA_Init       main.o
    0x08003f4c   0x08003f4c   0x00000084   Code   RO           21    i.MX_GPIO_Init      main.o
    0x08003fd0   0x08003fd0   0x00000038   Code   RO           22    i.MX_USART1_UART_Init  main.o
    0x08004008   0x08004008   0x00000038   Code   RO           23    i.MX_USART2_UART_Init  main.o
    0x08004040   0x08004040   0x00000002   Code   RO          440    i.MemManage_Handler  stm32l4xx_it.o
    0x08004042   0x08004042   0x00000002   PAD
    0x08004044   0x08004044   0x0000001c   Code   RO           24    i.NEXTION_ChangeScreen  main.o
    0x08004060   0x08004060   0x00000020   Code   RO           25    i.NEXTION_SendVal   main.o
    0x08004080   0x08004080   0x00000002   Code   RO          441    i.NMI_Handler       stm32l4xx_it.o
    0x08004082   0x08004082   0x00000002   PAD
    0x08004084   0x08004084   0x0000012c   Code   RO         1358    i.RCCEx_PLLSAI1_Config  stm32l4xx_hal_rcc_ex.o
    0x080041b0   0x080041b0   0x0000007c   Code   RO         1239    i.RCC_SetFlashLatencyFromMSIRange  stm32l4xx_hal_rcc.o
    0x0800422c   0x0800422c   0x000007f0   Code   RO           26    i.StartDefaultTask  main.o
    0x08004a1c   0x08004a1c   0x0000001a   Code   RO         5107    i.SysTick_Handler   cmsis_os2.o
    0x08004a36   0x08004a36   0x0000006a   Code   RO           27    i.SystemClock_Config  main.o
    0x08004aa0   0x08004aa0   0x00000010   Code   RO         3960    i.SystemInit        system_stm32l4xx.o
    0x08004ab0   0x08004ab0   0x0000000c   Code   RO          442    i.TIM6_DAC_IRQHandler  stm32l4xx_it.o
    0x08004abc   0x08004abc   0x0000006c   Code   RO         2571    i.TIM_Base_SetConfig  stm32l4xx_hal_tim.o
    0x08004b28   0x08004b28   0x000000c8   Code   RO         3520    i.UART_AdvFeatureConfig  stm32l4xx_hal_uart.o
    0x08004bf0   0x08004bf0   0x000000a8   Code   RO         3521    i.UART_CheckIdleState  stm32l4xx_hal_uart.o
    0x08004c98   0x08004c98   0x0000004e   Code   RO         3523    i.UART_DMAError     stm32l4xx_hal_uart.o
    0x08004ce6   0x08004ce6   0x00000086   Code   RO         3524    i.UART_DMAReceiveCplt  stm32l4xx_hal_uart.o
    0x08004d6c   0x08004d6c   0x00000020   Code   RO         3526    i.UART_DMARxHalfCplt  stm32l4xx_hal_uart.o
    0x08004d8c   0x08004d8c   0x0000004c   Code   RO         3532    i.UART_EndRxTransfer  stm32l4xx_hal_uart.o
    0x08004dd8   0x08004dd8   0x00000018   Code   RO         3533    i.UART_EndTxTransfer  stm32l4xx_hal_uart.o
    0x08004df0   0x08004df0   0x000001dc   Code   RO         3536    i.UART_SetConfig    stm32l4xx_hal_uart.o
    0x08004fcc   0x08004fcc   0x000000a0   Code   RO         3537    i.UART_Start_Receive_DMA  stm32l4xx_hal_uart.o
    0x0800506c   0x0800506c   0x0000008c   Code   RO         3541    i.UART_WaitOnFlagUntilTimeout  stm32l4xx_hal_uart.o
    0x080050f8   0x080050f8   0x00000002   Code   RO          443    i.UsageFault_Handler  stm32l4xx_it.o
    0x080050fa   0x080050fa   0x00000030   Code   RO         5921    i.__ARM_fpclassify  m_wm.l(fpclassify.o)
    0x0800512a   0x0800512a   0x00000020   Code   RO         2287    i.__NVIC_SetPriority  stm32l4xx_hal_cortex.o
    0x0800514a   0x0800514a   0x0000000e   Code   RO         5780    i._is_digit         c_w.l(__printf_wp.o)
    0x08005158   0x08005158   0x00000028   Code   RO           28    i.air               main.o
    0x08005180   0x08005180   0x000000cc   Code   RO           29    i.alarms            main.o
    0x0800524c   0x0800524c   0x00000050   Code   RO           30    i.algo              main.o
    0x0800529c   0x0800529c   0x00000014   Code   RO           31    i.clear             main.o
    0x080052b0   0x080052b0   0x00000006   Code   RO           32    i.decrease_variable  main.o
    0x080052b6   0x080052b6   0x00000002   PAD
    0x080052b8   0x080052b8   0x00000040   Code   RO           33    i.digits            main.o
    0x080052f8   0x080052f8   0x000000a0   Code   RO           34    i.findDia           main.o
    0x08005398   0x08005398   0x00000048   Code   RO           35    i.findSys           main.o
    0x080053e0   0x080053e0   0x00000006   Code   RO           36    i.increase_variable  main.o
    0x080053e6   0x080053e6   0x00000002   PAD
    0x080053e8   0x080053e8   0x00000084   Code   RO           38    i.main              main.o
    0x0800546c   0x0800546c   0x00000054   Code   RO           39    i.max               main.o
    0x080054c0   0x080054c0   0x0000001a   Code   RO         5109    i.osDelay           cmsis_os2.o
    0x080054da   0x080054da   0x00000002   PAD
    0x080054dc   0x080054dc   0x00000024   Code   RO         5123    i.osKernelInitialize  cmsis_os2.o
    0x08005500   0x08005500   0x00000038   Code   RO         5126    i.osKernelStart     cmsis_os2.o
    0x08005538   0x08005538   0x0000008a   Code   RO         5168    i.osThreadNew       cmsis_os2.o
    0x080055c2   0x080055c2   0x00000002   PAD
    0x080055c4   0x080055c4   0x0000005c   Code   RO         4568    i.prvAddCurrentTaskToDelayedList  tasks.o
    0x08005620   0x08005620   0x000000d0   Code   RO         4569    i.prvAddNewTaskToReadyList  tasks.o
    0x080056f0   0x080056f0   0x00000058   Code   RO         4933    i.prvCheckForValidListAndQueue  timers.o
    0x08005748   0x08005748   0x00000026   Code   RO         4165    i.prvCopyDataFromQueue  queue.o
    0x0800576e   0x0800576e   0x0000006c   Code   RO         4166    i.prvCopyDataToQueue  queue.o
    0x080057da   0x080057da   0x00000034   Code   RO         4570    i.prvDeleteTCB      tasks.o
    0x0800580e   0x0800580e   0x00000002   PAD
    0x08005810   0x08005810   0x00000048   Code   RO         5620    i.prvHeapInit       heap_4.o
    0x08005858   0x08005858   0x00000060   Code   RO         4571    i.prvIdleTask       tasks.o
    0x080058b8   0x080058b8   0x00000022   Code   RO         4168    i.prvInitialiseNewQueue  queue.o
    0x080058da   0x080058da   0x00000002   PAD
    0x080058dc   0x080058dc   0x000000b6   Code   RO         4572    i.prvInitialiseNewTask  tasks.o
    0x08005992   0x08005992   0x00000002   PAD
    0x08005994   0x08005994   0x0000004c   Code   RO         5621    i.prvInsertBlockIntoFreeList  heap_4.o
    0x080059e0   0x080059e0   0x00000038   Code   RO         4935    i.prvInsertTimerInActiveList  timers.o
    0x08005a18   0x08005a18   0x0000001c   Code   RO         4169    i.prvIsQueueEmpty   queue.o
    0x08005a34   0x08005a34   0x000000fc   Code   RO         4936    i.prvProcessReceivedCommands  timers.o
    0x08005b30   0x08005b30   0x000000c0   Code   RO         4937    i.prvProcessTimerOrBlockTask  timers.o
    0x08005bf0   0x08005bf0   0x00000020   Code   RO         4574    i.prvResetNextTaskUnblockTime  tasks.o
    0x08005c10   0x08005c10   0x00000028   Code   RO         4938    i.prvSampleTimeNow  timers.o
    0x08005c38   0x08005c38   0x0000006c   Code   RO         4939    i.prvSwitchTimerLists  timers.o
    0x08005ca4   0x08005ca4   0x00000028   Code   RO         5676    i.prvTaskExitError  port.o
    0x08005ccc   0x08005ccc   0x00000024   Code   RO         4940    i.prvTimerTask      timers.o
    0x08005cf0   0x08005cf0   0x0000006a   Code   RO         4170    i.prvUnlockQueue    queue.o
    0x08005d5a   0x08005d5a   0x00000002   PAD
    0x08005d5c   0x08005d5c   0x000000dc   Code   RO         5622    i.pvPortMalloc      heap_4.o
    0x08005e38   0x08005e38   0x0000002c   Code   RO         5677    i.pxPortInitialiseStack  port.o
    0x08005e64   0x08005e64   0x000000a4   Code   RO           40    i.sens              main.o
    0x08005f08   0x08005f08   0x00000038   Code   RO           41    i.start             main.o
    0x08005f40   0x08005f40   0x00000028   Code   RO           43    i.stop              main.o
    0x08005f68   0x08005f68   0x00000026   Code   RO         4125    i.uxListRemove      list.o
    0x08005f8e   0x08005f8e   0x00000002   PAD
    0x08005f90   0x08005f90   0x00000014   Code   RO         5180    i.vApplicationGetIdleTaskMemory  cmsis_os2.o
    0x08005fa4   0x08005fa4   0x00000018   Code   RO         5181    i.vApplicationGetTimerTaskMemory  cmsis_os2.o
    0x08005fbc   0x08005fbc   0x00000016   Code   RO         4126    i.vListInitialise   list.o
    0x08005fd2   0x08005fd2   0x00000006   Code   RO         4127    i.vListInitialiseItem  list.o
    0x08005fd8   0x08005fd8   0x00000030   Code   RO         4128    i.vListInsert       list.o
    0x08006008   0x08006008   0x00000018   Code   RO         4129    i.vListInsertEnd    list.o
    0x08006020   0x08006020   0x00000040   Code   RO         5679    i.vPortEnterCritical  port.o
    0x08006060   0x08006060   0x00000028   Code   RO         5680    i.vPortExitCritical  port.o
    0x08006088   0x08006088   0x00000064   Code   RO         5623    i.vPortFree         heap_4.o
    0x080060ec   0x080060ec   0x00000024   Code   RO         5681    i.vPortSetupTimerInterrupt  port.o
    0x08006110   0x08006110   0x00000054   Code   RO         5682    i.vPortValidateInterruptPriority  port.o
    0x08006164   0x08006164   0x00000028   Code   RO         4176    i.vQueueAddToRegistry  queue.o
    0x0800618c   0x0800618c   0x00000044   Code   RO         4180    i.vQueueWaitForMessageRestricted  queue.o
    0x080061d0   0x080061d0   0x0000004c   Code   RO         4587    i.vTaskDelay        tasks.o
    0x0800621c   0x0800621c   0x00000010   Code   RO         4592    i.vTaskInternalSetTimeOutState  tasks.o
    0x0800622c   0x0800622c   0x0000000c   Code   RO         4593    i.vTaskMissedYield  tasks.o
    0x08006238   0x08006238   0x00000030   Code   RO         4595    i.vTaskPlaceOnEventList  tasks.o
    0x08006268   0x08006268   0x00000038   Code   RO         4596    i.vTaskPlaceOnEventListRestricted  tasks.o
    0x080062a0   0x080062a0   0x00000088   Code   RO         4604    i.vTaskStartScheduler  tasks.o
    0x08006328   0x08006328   0x00000010   Code   RO         4606    i.vTaskSuspendAll   tasks.o
    0x08006338   0x08006338   0x00000064   Code   RO         4607    i.vTaskSwitchContext  tasks.o
    0x0800639c   0x0800639c   0x000000f4   Code   RO         5683    i.xPortStartScheduler  port.o
    0x08006490   0x08006490   0x0000002c   Code   RO         5684    i.xPortSysTickHandler  port.o
    0x080064bc   0x080064bc   0x00000066   Code   RO         4186    i.xQueueGenericCreateStatic  queue.o
    0x08006522   0x08006522   0x00000002   PAD
    0x08006524   0x08006524   0x00000088   Code   RO         4187    i.xQueueGenericReset  queue.o
    0x080065ac   0x080065ac   0x00000160   Code   RO         4188    i.xQueueGenericSend  queue.o
    0x0800670c   0x0800670c   0x000000be   Code   RO         4189    i.xQueueGenericSendFromISR  queue.o
    0x080067ca   0x080067ca   0x00000002   PAD
    0x080067cc   0x080067cc   0x00000138   Code   RO         4198    i.xQueueReceive     queue.o
    0x08006904   0x08006904   0x00000074   Code   RO         4609    i.xTaskCheckForTimeOut  tasks.o
    0x08006978   0x08006978   0x00000060   Code   RO         4610    i.xTaskCreate       tasks.o
    0x080069d8   0x080069d8   0x00000056   Code   RO         4611    i.xTaskCreateStatic  tasks.o
    0x08006a2e   0x08006a2e   0x00000002   PAD
    0x08006a30   0x08006a30   0x0000001c   Code   RO         4615    i.xTaskGetSchedulerState  tasks.o
    0x08006a4c   0x08006a4c   0x0000000c   Code   RO         4616    i.xTaskGetTickCount  tasks.o
    0x08006a58   0x08006a58   0x000000c8   Code   RO         4618    i.xTaskIncrementTick  tasks.o
    0x08006b20   0x08006b20   0x00000080   Code   RO         4621    i.xTaskPriorityDisinherit  tasks.o
    0x08006ba0   0x08006ba0   0x00000070   Code   RO         4623    i.xTaskRemoveFromEventList  tasks.o
    0x08006c10   0x08006c10   0x000000c4   Code   RO         4624    i.xTaskResumeAll    tasks.o
    0x08006cd4   0x08006cd4   0x00000060   Code   RO         4949    i.xTimerCreateTimerTask  timers.o
    0x08006d34   0x08006d34   0x00000068   Code   RO         4950    i.xTimerGenericCommand  timers.o
    0x08006d9c   0x08006d9c   0x0000002c   Code   RO         5917    locale$$code        c_w.l(lc_numeric_c.o)
    0x08006dc8   0x08006dc8   0x00000062   Code   RO         5808    x$fpl$d2f           fz_wm.l(d2f.o)
    0x08006e2a   0x08006e2a   0x00000002   PAD
    0x08006e2c   0x08006e2c   0x00000150   Code   RO         5810    x$fpl$dadd          fz_wm.l(daddsub_clz.o)
    0x08006f7c   0x08006f7c   0x0000005a   Code   RO         5816    x$fpl$dfixu         fz_wm.l(dfixu.o)
    0x08006fd6   0x08006fd6   0x0000002e   Code   RO         5821    x$fpl$dflt          fz_wm.l(dflt_clz.o)
    0x08007004   0x08007004   0x00000026   Code   RO         5820    x$fpl$dfltu         fz_wm.l(dflt_clz.o)
    0x0800702a   0x0800702a   0x00000002   PAD
    0x0800702c   0x0800702c   0x00000154   Code   RO         5826    x$fpl$dmul          fz_wm.l(dmul.o)
    0x08007180   0x08007180   0x0000009c   Code   RO         5854    x$fpl$dnaninf       fz_wm.l(dnaninf.o)
    0x0800721c   0x0800721c   0x0000000c   Code   RO         5856    x$fpl$dretinf       fz_wm.l(dretinf.o)
    0x08007228   0x08007228   0x000001d4   Code   RO         5812    x$fpl$dsub          fz_wm.l(daddsub_clz.o)
    0x080073fc   0x080073fc   0x00000056   Code   RO         5828    x$fpl$f2d           fz_wm.l(f2d.o)
    0x08007452   0x08007452   0x0000008c   Code   RO         5858    x$fpl$fnaninf       fz_wm.l(fnaninf.o)
    0x080074de   0x080074de   0x0000000a   Code   RO         5997    x$fpl$fpinit        fz_wm.l(fpinit.o)
    0x080074e8   0x080074e8   0x0000000a   Code   RO         5860    x$fpl$fretinf       fz_wm.l(fretinf.o)
    0x080074f2   0x080074f2   0x00000004   Code   RO         5830    x$fpl$printf1       fz_wm.l(printf1.o)
    0x080074f6   0x080074f6   0x00000000   Code   RO         5862    x$fpl$usenofp       fz_wm.l(usenofp.o)
    0x080074f6   0x080074f6   0x00000002   PAD
    0x080074f8   0x080074f8   0x00000048   Data   RO           56    .constdata          main.o
    0x08007540   0x08007540   0x00000040   Data   RO         3961    .constdata          system_stm32l4xx.o
    0x08007580   0x08007580   0x00000008   Data   RO         3962    .constdata          system_stm32l4xx.o
    0x08007588   0x08007588   0x00000094   Data   RO         5892    .constdata          c_w.l(bigflt0.o)
    0x0800761c   0x0800761c   0x00000012   Data   RO           57    .conststring        main.o
    0x0800762e   0x0800762e   0x00000002   PAD
    0x08007630   0x08007630   0x00000020   Data   RO         6068    Region$$Table       anon$$obj.o
    0x08007650   0x08007650   0x0000001c   Data   RO         5916    locale$$data        c_w.l(lc_numeric_c.o)


    Execution Region RW_IRAM2 (Exec base: 0x10000000, Load base: 0x0800769c, Size: 0x00000000, Max: 0x00004000, ABSOLUTE)

    **** No section assigned to this execution region ****


    Execution Region RW_IRAM1 (Exec base: 0x20000000, Load base: 0x0800766c, Size: 0x00007408, Max: 0x0000c000, ABSOLUTE, COMPRESSED[0x00000030])

    Exec Addr    Load Addr    Size         Type   Attr      Idx    E Section Name        Object

    0x20000000   COMPRESSED   0x0000012c   Data   RW           60    .data               main.o
    0x2000012c   COMPRESSED   0x0000000c   Data   RW         1051    .data               stm32l4xx_hal.o
    0x20000138   COMPRESSED   0x00000004   Data   RW         3963    .data               system_stm32l4xx.o
    0x2000013c   COMPRESSED   0x0000003c   Data   RW         4627    .data               tasks.o
    0x20000178   COMPRESSED   0x00000014   Data   RW         4958    .data               timers.o
    0x2000018c   COMPRESSED   0x00000004   Data   RW         5183    .data               cmsis_os2.o
    0x20000190   COMPRESSED   0x00000020   Data   RW         5629    .data               heap_4.o
    0x200001b0   COMPRESSED   0x0000000c   Data   RW         5685    .data               port.o
    0x200001bc        -       0x000051a8   Zero   RW           46    .bss                main.o
    0x20005364        -       0x00000048   Zero   RW           50    .bss                main.o
    0x200053ac        -       0x00000048   Zero   RW           51    .bss                main.o
    0x200053f4        -       0x00000048   Zero   RW           52    .bss                main.o
    0x2000543c        -       0x00000048   Zero   RW           53    .bss                main.o
    0x20005484        -       0x00000048   Zero   RW           54    .bss                main.o
    0x200054cc        -       0x0000004c   Zero   RW          578    .bss                stm32l4xx_hal_timebase_tim.o
    0x20005518        -       0x00000040   Zero   RW         4202    .bss                queue.o
    0x20005558        -       0x000004c4   Zero   RW         4626    .bss                tasks.o
    0x20005a1c        -       0x00000118   Zero   RW         4957    .bss                timers.o
    0x20005b34        -       0x000006b8   Zero   RW         5182    .bss                cmsis_os2.o
    0x200061ec        -       0x00000bb8   Zero   RW         5628    .bss                heap_4.o
    0x20006da4        -       0x00000060   Zero   RW         5924    .bss                c_w.l(libspace.o)
    0x20006e04   COMPRESSED   0x00000004   PAD
    0x20006e08        -       0x00000200   Zero   RW            2    HEAP                startup_stm32l432xx.o
    0x20007008        -       0x00000400   Zero   RW            1    STACK               startup_stm32l432xx.o


==============================================================================

Image component sizes


      Code (inc. data)   RO Data    RW Data    ZI Data      Debug   Object Name

       326         22          0          4       1720      65535   cmsis_os2.o
         0          0          0          0          0      19568   event_groups.o
       468         22          0         32       3000       4967   heap_4.o
       138          0          0          0          0       3642   list.o
      4998        548         90        300      21264     712274   main.o
       818         82          0         12          0      11681   port.o
      1514         20          0          0         64      17656   queue.o
        64         26        396          0       1536        860   startup_stm32l432xx.o
        94         14          0         12          0      10994   stm32l4xx_hal.o
      2478        128          0          0          0      67696   stm32l4xx_hal_adc.o
       158         14          0          0          0      33130   stm32l4xx_hal_cortex.o
       614         14          0          0          0       5138   stm32l4xx_hal_dma.o
       524         20          0          0          0       2316   stm32l4xx_hal_gpio.o
       650         52          0          0          0       3091   stm32l4xx_hal_msp.o
       120         20          0          0          0       1394   stm32l4xx_hal_pwr_ex.o
      2124        108          0          0          0       7765   stm32l4xx_hal_rcc.o
       950         32          0          0          0       2940   stm32l4xx_hal_rcc_ex.o
       630         26          0          0          0       7652   stm32l4xx_hal_tim.o
         6          0          0          0          0       2256   stm32l4xx_hal_tim_ex.o
       152         20          0          0         76       1523   stm32l4xx_hal_timebase_tim.o
      1974         68          0          0          0      14408   stm32l4xx_hal_uart.o
        84         36          0          0          0       5834   stm32l4xx_it.o
         0          0          0          0          0        416   stream_buffer.o
        16          4         72          4          0       1229   system_stm32l4xx.o
      2096        168          0         60       1220      27304   tasks.o
       972         80          0         20        280      32415   timers.o

    ----------------------------------------------------------------------
     22018       1524        592        444      29160    1063684   Object Totals
         0          0         32          0          0          0   (incl. Generated)
        50          0          2          0          0          0   (incl. Padding)

    ----------------------------------------------------------------------

      Code (inc. data)   RO Data    RW Data    ZI Data      Debug   Library Member Name

        56          6          0          0          0         88   __2snprintf.o
        44          6          0          0          0         84   __2sprintf.o
        90          0          0          0          0          0   __dczerorl2.o
         8          0          0          0          0         68   __main.o
       284          0          0          0          0        156   __printf_wp.o
         0          0          0          0          0          0   __rtentry.o
        12          0          0          0          0          0   __rtentry2.o
         6          0          0          0          0          0   __rtentry4.o
        52          8          0          0          0          0   __scatter.o
        28          0          0          0          0          0   __scatter_zi.o
        44          0          0          0          0        108   _printf_char.o
        48          6          0          0          0         96   _printf_char_common.o
         6          0          0          0          0          0   _printf_d.o
       120         16          0          0          0         92   _printf_dec.o
         6          0          0          0          0          0   _printf_f.o
      1060          0          0          0          0        216   _printf_fp_dec.o
       128         16          0          0          0         84   _printf_fp_infnan.o
       178          0          0          0          0         88   _printf_intcommon.o
         0          0          0          0          0          0   _printf_percent.o
         4          0          0          0          0          0   _printf_percent_end.o
         6          0          0          0          0          0   _printf_s.o
        82          0          0          0          0         80   _printf_str.o
        16          0          0          0          0         68   _snputc.o
        10          0          0          0          0         68   _sputc.o
        16          0          0          0          0         68   aeabi_memset.o
       228          4        148          0          0         96   bigflt0.o
      1936        128          0          0          0        672   btod.o
        18          0          0          0          0         80   exit.o
         6          0          0          0          0        152   heapauxi.o
         0          0          0          0          0          0   indicate_semi.o
        44         10         28          0          0         76   lc_numeric_c.o
         2          0          0          0          0          0   libinit.o
        22          0          0          0          0          0   libinit2.o
         2          0          0          0          0          0   libshutdown.o
         2          0          0          0          0          0   libshutdown2.o
         8          4          0          0         96         68   libspace.o
       138          0          0          0          0         80   lludiv10.o
       238          0          0          0          0        100   lludivv7m.o
         8          4          0          0          0         68   rt_locale_intlibspace.o
        68          0          0          0          0         68   rt_memclr.o
        78          0          0          0          0         80   rt_memclr_w.o
       138          0          0          0          0         68   rt_memcpy_v6.o
       100          0          0          0          0         80   rt_memcpy_w.o
         2          0          0          0          0          0   rtexit.o
        10          0          0          0          0          0   rtexit2.o
       128          0          0          0          0         68   strcmpv7m.o
        62          0          0          0          0         76   strlen.o
        12          4          0          0          0         68   sys_exit.o
        74          0          0          0          0         80   sys_stackheap_outer.o
         2          0          0          0          0         68   use_no_semi.o
        98          4          0          0          0        140   d2f.o
       804         16          0          0          0        368   daddsub_clz.o
        90          4          0          0          0        140   dfixu.o
        84          0          0          0          0        232   dflt_clz.o
       340         12          0          0          0        152   dmul.o
       156          4          0          0          0        140   dnaninf.o
        12          0          0          0          0        116   dretinf.o
        86          4          0          0          0        132   f2d.o
       140          4          0          0          0        132   fnaninf.o
        10          0          0          0          0        116   fpinit.o
        10          0          0          0          0        116   fretinf.o
         4          0          0          0          0        116   printf1.o
         0          0          0          0          0          0   usenofp.o
        48          0          0          0          0        124   fpclassify.o

    ----------------------------------------------------------------------
      7530        260        176          0        100       5436   Library Totals
        18          0          0          0          4          0   (incl. Padding)

    ----------------------------------------------------------------------

      Code (inc. data)   RO Data    RW Data    ZI Data      Debug   Library Name

      5630        212        176          0         96       3412   c_w.l
      1834         48          0          0          0       1900   fz_wm.l
        48          0          0          0          0        124   m_wm.l

    ----------------------------------------------------------------------
      7530        260        176          0        100       5436   Library Totals

    ----------------------------------------------------------------------

==============================================================================


      Code (inc. data)   RO Data    RW Data    ZI Data      Debug   

     29548       1784        768        444      29260    1048096   Grand Totals
     29548       1784        768         48      29260    1048096   ELF Image Totals (compressed)
     29548       1784        768         48          0          0   ROM Totals

==============================================================================

    Total RO  Size (Code + RO Data)                30316 (  29.61kB)
    Total RW  Size (RW Data + ZI Data)             29704 (  29.01kB)
    Total ROM Size (Code + RO Data + RW Data)      30364 (  29.65kB)

==============================================================================

